WARNING: A terminally deprecated method in sun.misc.Unsafe has been called
WARNING: sun.misc.Unsafe::staticFieldBase has been called by com.google.inject.internal.aop.HiddenClassDefiner (file:/opt/homebrew/Cellar/maven/3.9.10/libexec/lib/guice-5.1.0-classes.jar)
WARNING: Please consider reporting this to the maintainers of class com.google.inject.internal.aop.HiddenClassDefiner
WARNING: sun.misc.Unsafe::staticFieldBase will be removed in a future release
[INFO] Scanning for projects...
[WARNING] 
[WARNING] Some problems were encountered while building the effective model for com.zomato:cart-service:jar:0.0.1-SNAPSHOT
[WARNING] 'build.plugins.plugin.version' for org.apache.maven.plugins:maven-compiler-plugin is missing. @ line 94, column 12
[WARNING] 'build.plugins.plugin.version' for org.springframework.boot:spring-boot-maven-plugin is missing. @ line 108, column 12
[WARNING] 
[WARNING] It is highly recommended to fix these problems because they threaten the stability of your build.
[WARNING] 
[WARNING] For this reason, future Maven versions might no longer support building such malformed projects.
[WARNING] 
[INFO] 
[INFO] ----------------------< com.zomato:cart-service >-----------------------
[INFO] Building cart-service 0.0.1-SNAPSHOT
[INFO]   from pom.xml
[INFO] --------------------------------[ jar ]---------------------------------
[INFO] 
[INFO] >>> spring-boot:4.0.0:run (default-cli) > test-compile @ cart-service >>>
[INFO] 
[INFO] --- resources:3.3.1:resources (default-resources) @ cart-service ---
[WARNING] Using platform encoding (UTF-8 actually) to copy filtered resources, i.e. build is platform dependent!
[INFO] Copying 1 resource from src/main/resources to target/classes
[INFO] 
[INFO] --- compiler:3.13.0:compile (default-compile) @ cart-service ---
[INFO] Nothing to compile - all classes are up to date.
[INFO] 
[INFO] --- resources:3.3.1:testResources (default-testResources) @ cart-service ---
[WARNING] Using platform encoding (UTF-8 actually) to copy filtered resources, i.e. build is platform dependent!
[INFO] skip non existing resourceDirectory /Users/rajivyadav/Desktop/NutriMatrix/cart-service/src/test/resources
[INFO] 
[INFO] --- compiler:3.13.0:testCompile (default-testCompile) @ cart-service ---
[INFO] Nothing to compile - all classes are up to date.
[INFO] 
[INFO] <<< spring-boot:4.0.0:run (default-cli) < test-compile @ cart-service <<<
[INFO] 
[INFO] 
[INFO] --- spring-boot:4.0.0:run (default-cli) @ cart-service ---
[INFO] Attaching agents: []

  .   ____          _            __ _ _
 /\\ / ___'_ __ _ _(_)_ __  __ _ \ \ \ \
( ( )\___ | '_ | '_| | '_ \/ _` | \ \ \ \
 \\/  ___)| |_)| | | | | || (_| |  ) ) ) )
  '  |____| .__|_| |_|_| |_\__, | / / / /
 =========|_|==============|___/=/_/_/_/

 :: Spring Boot ::                (v3.5.5)

2025-12-01T15:26:29.102+05:30  INFO 9955 --- [cart-service] [  restartedMain] c.z.cart_service.CartServiceApplication  : Starting CartServiceApplication using Java 25 with PID 9955 (/Users/rajivyadav/Desktop/NutriMatrix/cart-service/target/classes started by rajivyadav in /Users/rajivyadav/Desktop/NutriMatrix/cart-service)
2025-12-01T15:26:29.128+05:30  INFO 9955 --- [cart-service] [  restartedMain] c.z.cart_service.CartServiceApplication  : The following 1 profile is active: "dev"
2025-12-01T15:26:29.346+05:30  INFO 9955 --- [cart-service] [  restartedMain] .e.DevToolsPropertyDefaultsPostProcessor : Devtools property defaults active! Set 'spring.devtools.add-properties' to 'false' to disable
2025-12-01T15:26:29.348+05:30  INFO 9955 --- [cart-service] [  restartedMain] .e.DevToolsPropertyDefaultsPostProcessor : For additional web related logging consider setting the 'logging.level.web' property to 'DEBUG'
2025-12-01T15:26:31.725+05:30  INFO 9955 --- [cart-service] [  restartedMain] .s.d.r.c.RepositoryConfigurationDelegate : Bootstrapping Spring Data JPA repositories in DEFAULT mode.
2025-12-01T15:26:31.780+05:30  INFO 9955 --- [cart-service] [  restartedMain] .s.d.r.c.RepositoryConfigurationDelegate : Finished Spring Data repository scanning in 46 ms. Found 1 JPA repository interface.
2025-12-01T15:26:32.044+05:30  INFO 9955 --- [cart-service] [  restartedMain] o.s.cloud.context.scope.GenericScope     : BeanFactory id=9a6a7794-0e46-3233-9699-66ca4d2f05a5
2025-12-01T15:26:32.598+05:30  INFO 9955 --- [cart-service] [  restartedMain] o.s.b.w.embedded.tomcat.TomcatWebServer  : Tomcat initialized with port 8082 (http)
2025-12-01T15:26:32.623+05:30  INFO 9955 --- [cart-service] [  restartedMain] o.apache.catalina.core.StandardService   : Starting service [Tomcat]
2025-12-01T15:26:32.625+05:30  INFO 9955 --- [cart-service] [  restartedMain] o.apache.catalina.core.StandardEngine    : Starting Servlet engine: [Apache Tomcat/10.1.44]
2025-12-01T15:26:32.693+05:30  INFO 9955 --- [cart-service] [  restartedMain] o.a.c.c.C.[Tomcat].[localhost].[/]       : Initializing Spring embedded WebApplicationContext
2025-12-01T15:26:32.694+05:30  INFO 9955 --- [cart-service] [  restartedMain] w.s.c.ServletWebServerApplicationContext : Root WebApplicationContext: initialization completed in 3345 ms
2025-12-01T15:26:32.927+05:30  INFO 9955 --- [cart-service] [  restartedMain] o.hibernate.jpa.internal.util.LogHelper  : HHH000204: Processing PersistenceUnitInfo [name: default]
2025-12-01T15:26:32.980+05:30  INFO 9955 --- [cart-service] [  restartedMain] org.hibernate.Version                    : HHH000412: Hibernate ORM core version 6.6.26.Final
2025-12-01T15:26:33.025+05:30  INFO 9955 --- [cart-service] [  restartedMain] o.h.c.internal.RegionFactoryInitiator    : HHH000026: Second-level cache disabled
2025-12-01T15:26:33.316+05:30  INFO 9955 --- [cart-service] [  restartedMain] o.s.o.j.p.SpringPersistenceUnitInfo      : No LoadTimeWeaver setup: ignoring JPA class transformer
2025-12-01T15:26:33.338+05:30  INFO 9955 --- [cart-service] [  restartedMain] com.zaxxer.hikari.HikariDataSource       : HikariPool-1 - Starting...
2025-12-01T15:26:33.673+05:30  INFO 9955 --- [cart-service] [  restartedMain] com.zaxxer.hikari.pool.HikariPool        : HikariPool-1 - Added connection com.mysql.cj.jdbc.ConnectionImpl@66816ffa
2025-12-01T15:26:33.674+05:30  INFO 9955 --- [cart-service] [  restartedMain] com.zaxxer.hikari.HikariDataSource       : HikariPool-1 - Start completed.
2025-12-01T15:26:33.752+05:30  INFO 9955 --- [cart-service] [  restartedMain] org.hibernate.orm.connections.pooling    : HHH10001005: Database info:
	Database JDBC URL [Connecting through datasource 'HikariDataSource (HikariPool-1)']
	Database driver: undefined/unknown
	Database version: 8.2
	Autocommit mode: undefined/unknown
	Isolation level: undefined/unknown
	Minimum pool size: undefined/unknown
	Maximum pool size: undefined/unknown
2025-12-01T15:26:34.524+05:30  INFO 9955 --- [cart-service] [  restartedMain] o.h.e.t.j.p.i.JtaPlatformInitiator       : HHH000489: No JTA platform available (set 'hibernate.transaction.jta.platform' to enable JTA platform integration)
Hibernate: 
    alter table item 
       drop 
       foreign key FK4g2q77pbbf0faqae5uywbsodk
Hibernate: 
    drop table if exists cart
Hibernate: 
    drop table if exists item
Hibernate: 
    create table cart (
        gross_amount float(53) not null,
        total_amount float(53) not null,
        created_at datetime(6),
        updated_at datetime(6),
        cart_id binary(16) not null,
        customer_id binary(16),
        restaurant_id binary(16) not null,
        coupon_code varchar(255),
        status enum ('ACTIVE','CHECKED_OUT'),
        primary key (cart_id)
    ) engine=InnoDB
Hibernate: 
    create table item (
        quantity integer not null,
        cart_id binary(16) not null,
        item_id binary(16) not null,
        primary key (cart_id, item_id)
    ) engine=InnoDB
Hibernate: 
    alter table item 
       add constraint FK4g2q77pbbf0faqae5uywbsodk 
       foreign key (cart_id) 
       references cart (cart_id)
2025-12-01T15:26:34.674+05:30  INFO 9955 --- [cart-service] [  restartedMain] j.LocalContainerEntityManagerFactoryBean : Initialized JPA EntityManagerFactory for persistence unit 'default'
WARNING: A terminally deprecated method in sun.misc.Unsafe has been called
WARNING: sun.misc.Unsafe::staticFieldOffset has been called by org.modelmapper.internal.typetools.TypeResolver (file:/Users/rajivyadav/.m2/repository/org/modelmapper/modelmapper/3.2.0/modelmapper-3.2.0.jar)
WARNING: Please consider reporting this to the maintainers of class org.modelmapper.internal.typetools.TypeResolver
WARNING: sun.misc.Unsafe::staticFieldOffset will be removed in a future release
2025-12-01T15:26:35.135+05:30  WARN 9955 --- [cart-service] [  restartedMain] JpaBaseConfiguration$JpaWebConfiguration : spring.jpa.open-in-view is enabled by default. Therefore, database queries may be performed during view rendering. Explicitly configure spring.jpa.open-in-view to disable this warning
2025-12-01T15:26:35.187+05:30  WARN 9955 --- [cart-service] [  restartedMain] o.s.b.d.a.OptionalLiveReloadServer       : Unable to start LiveReload server
2025-12-01T15:26:35.745+05:30  WARN 9955 --- [cart-service] [  restartedMain] .s.s.UserDetailsServiceAutoConfiguration : 

Using generated security password: db58e0d9-4c4d-4fce-bc32-613762c6d7f8

This generated password is for development use only. Your security configuration must be updated before running your application in production.

2025-12-01T15:26:35.752+05:30  INFO 9955 --- [cart-service] [  restartedMain] r$InitializeUserDetailsManagerConfigurer : Global AuthenticationManager configured with UserDetailsService bean with name inMemoryUserDetailsManager
2025-12-01T15:26:35.803+05:30  WARN 9955 --- [cart-service] [  restartedMain] thorizationManagerRequestMatcherRegistry : One of the patterns in [api/cart/**] is missing a leading slash. This is discouraged; please include the leading slash in all your request matcher patterns. In future versions of Spring Security, leaving out the leading slash will result in an exception.
2025-12-01T15:26:36.348+05:30  INFO 9955 --- [cart-service] [  restartedMain] o.s.b.w.embedded.tomcat.TomcatWebServer  : Tomcat started on port 8082 (http) with context path '/'
2025-12-01T15:26:36.363+05:30  INFO 9955 --- [cart-service] [  restartedMain] c.z.cart_service.CartServiceApplication  : Started CartServiceApplication in 7.782 seconds (process running for 8.463)
2025-12-01T15:31:22.619+05:30  INFO 9955 --- [cart-service] [nio-8082-exec-1] o.a.c.c.C.[Tomcat].[localhost].[/]       : Initializing Spring DispatcherServlet 'dispatcherServlet'
2025-12-01T15:31:22.625+05:30  INFO 9955 --- [cart-service] [nio-8082-exec-1] o.s.web.servlet.DispatcherServlet        : Initializing Servlet 'dispatcherServlet'
2025-12-01T15:31:22.643+05:30  INFO 9955 --- [cart-service] [nio-8082-exec-1] o.s.web.servlet.DispatcherServlet        : Completed initialization in 18 ms
2025-12-01T15:31:22.690+05:30  INFO 9955 --- [cart-service] [nio-8082-exec-1] c.z.cart_service.security.JWTAuthFilter  : Incoming request: /cart/add
Hibernate: 
    select
        c1_0.cart_id,
        c1_0.coupon_code,
        c1_0.created_at,
        c1_0.customer_id,
        c1_0.gross_amount,
        c1_0.restaurant_id,
        c1_0.status,
        c1_0.total_amount,
        c1_0.updated_at 
    from
        cart c1_0 
    where
        c1_0.customer_id=? 
        and c1_0.restaurant_id=? 
        and c1_0.status=?
2025-12-01T15:31:23.310+05:30  WARN 9955 --- [cart-service] [nio-8082-exec-1] .m.m.a.ExceptionHandlerExceptionResolver : Resolved [java.lang.RuntimeException: Items are not from same restaurant,add items from single restaurant only ]
2025-12-01T15:31:43.711+05:30  INFO 9955 --- [cart-service] [nio-8082-exec-3] c.z.cart_service.security.JWTAuthFilter  : Incoming request: /cart/add
Hibernate: 
    select
        c1_0.cart_id,
        c1_0.coupon_code,
        c1_0.created_at,
        c1_0.customer_id,
        c1_0.gross_amount,
        c1_0.restaurant_id,
        c1_0.status,
        c1_0.total_amount,
        c1_0.updated_at 
    from
        cart c1_0 
    where
        c1_0.customer_id=? 
        and c1_0.restaurant_id=? 
        and c1_0.status=?
2025-12-01T15:31:43.806+05:30  INFO 9955 --- [cart-service] [nio-8082-exec-3] c.z.cart_service.service.CartService     : grossAmount:800.0
2025-12-01T15:31:43.806+05:30  INFO 9955 --- [cart-service] [nio-8082-exec-3] c.z.cart_service.service.CartService     : totalAmount:800.0
2025-12-01T15:31:43.872+05:30  INFO 9955 --- [cart-service] [nio-8082-exec-3] c.z.cart_service.service.CartService     : discoutn baad grossAmount:800.0
2025-12-01T15:31:43.872+05:30  INFO 9955 --- [cart-service] [nio-8082-exec-3] c.z.cart_service.service.CartService     : discount baad totalAmount:780.0
2025-12-01T15:31:43.962+05:30  INFO 9955 --- [cart-service] [nio-8082-exec-3] c.z.cart_service.service.CartService     : "Chawal"
2025-12-01T15:31:43.976+05:30  INFO 9955 --- [cart-service] [nio-8082-exec-3] c.z.cart_service.service.CartService     : "Rajma"
Hibernate: 
    insert 
    into
        cart
        (coupon_code, created_at, customer_id, gross_amount, restaurant_id, status, total_amount, updated_at, cart_id) 
    values
        (?, ?, ?, ?, ?, ?, ?, ?, ?)
Hibernate: 
    insert 
    into
        item
        (quantity, cart_id, item_id) 
    values
        (?, ?, ?)
Hibernate: 
    insert 
    into
        item
        (quantity, cart_id, item_id) 
    values
        (?, ?, ?)
2025-12-01T15:32:05.394+05:30  INFO 9955 --- [cart-service] [nio-8082-exec-4] c.z.cart_service.security.JWTAuthFilter  : Incoming request: /api/cart/get/cart/a40824a7-0e0c-4d85-81b6-7043a8922567
Hibernate: 
    select
        c1_0.cart_id,
        c1_0.coupon_code,
        c1_0.created_at,
        c1_0.customer_id,
        c1_0.gross_amount,
        c1_0.restaurant_id,
        c1_0.status,
        c1_0.total_amount,
        c1_0.updated_at 
    from
        cart c1_0 
    where
        c1_0.cart_id=?
Hibernate: 
    select
        il1_0.cart_id,
        il1_0.item_id,
        il1_0.quantity 
    from
        item il1_0 
    where
        il1_0.cart_id=?
2025-12-01T15:32:05.546+05:30  INFO 9955 --- [cart-service] [nio-8082-exec-5] c.z.cart_service.security.JWTAuthFilter  : Incoming request: /api/cart/isSameAmount/a40824a7-0e0c-4d85-81b6-7043a8922567
Hibernate: 
    select
        c1_0.cart_id,
        c1_0.coupon_code,
        c1_0.created_at,
        c1_0.customer_id,
        c1_0.gross_amount,
        c1_0.restaurant_id,
        c1_0.status,
        c1_0.total_amount,
        c1_0.updated_at 
    from
        cart c1_0 
    where
        c1_0.cart_id=?
Hibernate: 
    select
        il1_0.cart_id,
        il1_0.item_id,
        il1_0.quantity 
    from
        item il1_0 
    where
        il1_0.cart_id=?
2025-12-01T15:32:05.562+05:30  INFO 9955 --- [cart-service] [nio-8082-exec-5] c.z.c.service.UtilityCartService         : gross amount as per current pricing:800.0
2025-12-01T15:32:05.562+05:30  INFO 9955 --- [cart-service] [nio-8082-exec-5] c.z.c.service.UtilityCartService         : gross previous amount:800.0
2025-12-01T15:32:41.216+05:30  INFO 9955 --- [cart-service] [nio-8082-exec-6] c.z.cart_service.security.JWTAuthFilter  : Incoming request: /api/cart/update/status/a40824a7-0e0c-4d85-81b6-7043a8922567
Hibernate: 
    select
        c1_0.cart_id,
        c1_0.coupon_code,
        c1_0.created_at,
        c1_0.customer_id,
        c1_0.gross_amount,
        c1_0.restaurant_id,
        c1_0.status,
        c1_0.total_amount,
        c1_0.updated_at 
    from
        cart c1_0 
    where
        c1_0.cart_id=?
2025-12-01T15:32:41.254+05:30  INFO 9955 --- [cart-service] [nio-8082-exec-6] c.z.c.service.UtilityCartService         : changing status of cart from ACTIVE to CHECKED_OUT
Hibernate: 
    update
        cart 
    set
        coupon_code=?,
        created_at=?,
        customer_id=?,
        gross_amount=?,
        restaurant_id=?,
        status=?,
        total_amount=?,
        updated_at=? 
    where
        cart_id=?
2025-12-01T15:32:41.367+05:30  INFO 9955 --- [cart-service] [nio-8082-exec-7] c.z.cart_service.security.JWTAuthFilter  : Incoming request: /api/cart/get/cart/a40824a7-0e0c-4d85-81b6-7043a8922567
Hibernate: 
    select
        c1_0.cart_id,
        c1_0.coupon_code,
        c1_0.created_at,
        c1_0.customer_id,
        c1_0.gross_amount,
        c1_0.restaurant_id,
        c1_0.status,
        c1_0.total_amount,
        c1_0.updated_at 
    from
        cart c1_0 
    where
        c1_0.cart_id=?
Hibernate: 
    select
        il1_0.cart_id,
        il1_0.item_id,
        il1_0.quantity 
    from
        item il1_0 
    where
        il1_0.cart_id=?
