WARNING: A terminally deprecated method in sun.misc.Unsafe has been called
WARNING: sun.misc.Unsafe::staticFieldBase has been called by com.google.inject.internal.aop.HiddenClassDefiner (file:/opt/homebrew/Cellar/maven/3.9.10/libexec/lib/guice-5.1.0-classes.jar)
WARNING: Please consider reporting this to the maintainers of class com.google.inject.internal.aop.HiddenClassDefiner
WARNING: sun.misc.Unsafe::staticFieldBase will be removed in a future release
[INFO] Scanning for projects...
[WARNING] 
[WARNING] Some problems were encountered while building the effective model for com.zomato:eureka-service:jar:0.0.1
[WARNING] 'build.plugins.plugin.version' for org.springframework.boot:spring-boot-maven-plugin is missing. @ line 45, column 12
[WARNING] 
[WARNING] It is highly recommended to fix these problems because they threaten the stability of your build.
[WARNING] 
[WARNING] For this reason, future Maven versions might no longer support building such malformed projects.
[WARNING] 
[INFO] 
[INFO] ---------------------< com.zomato:eureka-service >----------------------
[INFO] Building eureka-service 0.0.1
[INFO]   from pom.xml
[INFO] --------------------------------[ jar ]---------------------------------
[INFO] 
[INFO] >>> spring-boot:4.0.0:run (default-cli) > test-compile @ eureka-service >>>
[INFO] 
[INFO] --- resources:3.3.1:resources (default-resources) @ eureka-service ---
[WARNING] Using platform encoding (UTF-8 actually) to copy filtered resources, i.e. build is platform dependent!
[INFO] Copying 1 resource from src/main/resources to target/classes
[INFO] 
[INFO] --- compiler:3.13.0:compile (default-compile) @ eureka-service ---
[INFO] Nothing to compile - all classes are up to date.
[INFO] 
[INFO] --- resources:3.3.1:testResources (default-testResources) @ eureka-service ---
[WARNING] Using platform encoding (UTF-8 actually) to copy filtered resources, i.e. build is platform dependent!
[INFO] skip non existing resourceDirectory /Users/rajivyadav/Desktop/NutriMatrix/eureka-service/src/test/resources
[INFO] 
[INFO] --- compiler:3.13.0:testCompile (default-testCompile) @ eureka-service ---
[INFO] Nothing to compile - all classes are up to date.
[INFO] 
[INFO] <<< spring-boot:4.0.0:run (default-cli) < test-compile @ eureka-service <<<
[INFO] 
[INFO] 
[INFO] --- spring-boot:4.0.0:run (default-cli) @ eureka-service ---
[INFO] Attaching agents: []

  .   ____          _            __ _ _
 /\\ / ___'_ __ _ _(_)_ __  __ _ \ \ \ \
( ( )\___ | '_ | '_| | '_ \/ _` | \ \ \ \
 \\/  ___)| |_)| | | | | || (_| |  ) ) ) )
  '  |____| .__|_| |_|_| |_\__, | / / / /
 =========|_|==============|___/=/_/_/_/

 :: Spring Boot ::                (v3.5.5)

2025-12-01T13:08:21.625+05:30  INFO 5692 --- [eureka-service] [           main] c.z.e.EurekaServiceApplication           : Starting EurekaServiceApplication using Java 25 with PID 5692 (/Users/rajivyadav/Desktop/NutriMatrix/eureka-service/target/classes started by rajivyadav in /Users/rajivyadav/Desktop/NutriMatrix/eureka-service)
2025-12-01T13:08:21.627+05:30  INFO 5692 --- [eureka-service] [           main] c.z.e.EurekaServiceApplication           : No active profile set, falling back to 1 default profile: "default"
2025-12-01T13:08:24.434+05:30  INFO 5692 --- [eureka-service] [           main] o.s.b.w.embedded.tomcat.TomcatWebServer  : Tomcat initialized with port 8761 (http)
2025-12-01T13:08:24.449+05:30  INFO 5692 --- [eureka-service] [           main] o.apache.catalina.core.StandardService   : Starting service [Tomcat]
2025-12-01T13:08:24.450+05:30  INFO 5692 --- [eureka-service] [           main] o.apache.catalina.core.StandardEngine    : Starting Servlet engine: [Apache Tomcat/10.1.44]
2025-12-01T13:08:24.664+05:30  INFO 5692 --- [eureka-service] [           main] o.a.c.c.C.[Tomcat].[localhost].[/]       : Initializing Spring embedded WebApplicationContext
2025-12-01T13:08:24.683+05:30  INFO 5692 --- [eureka-service] [           main] w.s.c.ServletWebServerApplicationContext : Root WebApplicationContext: initialization completed in 2989 ms
2025-12-01T13:08:27.127+05:30  INFO 5692 --- [eureka-service] [           main] o.s.b.a.e.web.EndpointLinksResolver      : Exposing 1 endpoint beneath base path '/actuator'
2025-12-01T13:08:27.274+05:30  INFO 5692 --- [eureka-service] [           main] o.s.b.w.embedded.tomcat.TomcatWebServer  : Tomcat started on port 8761 (http) with context path '/'
2025-12-01T13:08:27.370+05:30  INFO 5692 --- [eureka-service] [           main] c.z.e.EurekaServiceApplication           : Started EurekaServiceApplication in 6.995 seconds (process running for 7.744)
2025-12-01T13:13:04.551+05:30  INFO 5692 --- [eureka-service] [ionShutdownHook] o.s.b.w.e.tomcat.GracefulShutdown        : Commencing graceful shutdown. Waiting for active requests to complete
2025-12-01T13:13:04.671+05:30  INFO 5692 --- [eureka-service] [tomcat-shutdown] o.s.b.w.e.tomcat.GracefulShutdown        : Graceful shutdown complete
