WARNING: A terminally deprecated method in sun.misc.Unsafe has been called
WARNING: sun.misc.Unsafe::staticFieldBase has been called by com.google.inject.internal.aop.HiddenClassDefiner (file:/opt/homebrew/Cellar/maven/3.9.10/libexec/lib/guice-5.1.0-classes.jar)
WARNING: Please consider reporting this to the maintainers of class com.google.inject.internal.aop.HiddenClassDefiner
WARNING: sun.misc.Unsafe::staticFieldBase will be removed in a future release
[INFO] Scanning for projects...
[WARNING] 
[WARNING] Some problems were encountered while building the effective model for com.zomato:menu-service:jar:0.0.1-SNAPSHOT
[WARNING] 'build.plugins.plugin.version' for org.apache.maven.plugins:maven-compiler-plugin is missing. @ line 103, column 12
[WARNING] 'build.plugins.plugin.version' for org.springframework.boot:spring-boot-maven-plugin is missing. @ line 117, column 12
[WARNING] 
[WARNING] It is highly recommended to fix these problems because they threaten the stability of your build.
[WARNING] 
[WARNING] For this reason, future Maven versions might no longer support building such malformed projects.
[WARNING] 
[INFO] 
[INFO] ----------------------< com.zomato:menu-service >-----------------------
[INFO] Building menu-service 0.0.1-SNAPSHOT
[INFO]   from pom.xml
[INFO] --------------------------------[ jar ]---------------------------------
[INFO] 
[INFO] >>> spring-boot:4.0.0:run (default-cli) > test-compile @ menu-service >>>
[INFO] 
[INFO] --- resources:3.3.1:resources (default-resources) @ menu-service ---
[WARNING] Using platform encoding (UTF-8 actually) to copy filtered resources, i.e. build is platform dependent!
[INFO] Copying 1 resource from src/main/resources to target/classes
[INFO] 
[INFO] --- compiler:3.13.0:compile (default-compile) @ menu-service ---
[INFO] Nothing to compile - all classes are up to date.
[INFO] 
[INFO] --- resources:3.3.1:testResources (default-testResources) @ menu-service ---
[WARNING] Using platform encoding (UTF-8 actually) to copy filtered resources, i.e. build is platform dependent!
[INFO] skip non existing resourceDirectory /Users/rajivyadav/Desktop/NutriMatrix/menu-service/src/test/resources
[INFO] 
[INFO] --- compiler:3.13.0:testCompile (default-testCompile) @ menu-service ---
[INFO] Nothing to compile - all classes are up to date.
[INFO] 
[INFO] <<< spring-boot:4.0.0:run (default-cli) < test-compile @ menu-service <<<
[INFO] 
[INFO] 
[INFO] --- spring-boot:4.0.0:run (default-cli) @ menu-service ---
[INFO] Attaching agents: []

  .   ____          _            __ _ _
 /\\ / ___'_ __ _ _(_)_ __  __ _ \ \ \ \
( ( )\___ | '_ | '_| | '_ \/ _` | \ \ \ \
 \\/  ___)| |_)| | | | | || (_| |  ) ) ) )
  '  |____| .__|_| |_|_| |_\__, | / / / /
 =========|_|==============|___/=/_/_/_/

 :: Spring Boot ::                (v3.5.5)

2025-12-01T15:26:47.734+05:30  INFO 10033 --- [menu-service] [  restartedMain] c.z.menu_service.MenuServiceApplication  : Starting MenuServiceApplication using Java 25 with PID 10033 (/Users/rajivyadav/Desktop/NutriMatrix/menu-service/target/classes started by rajivyadav in /Users/rajivyadav/Desktop/NutriMatrix/menu-service)
2025-12-01T15:26:47.736+05:30  INFO 10033 --- [menu-service] [  restartedMain] c.z.menu_service.MenuServiceApplication  : The following 1 profile is active: "dev"
2025-12-01T15:26:47.775+05:30  INFO 10033 --- [menu-service] [  restartedMain] .e.DevToolsPropertyDefaultsPostProcessor : Devtools property defaults active! Set 'spring.devtools.add-properties' to 'false' to disable
2025-12-01T15:26:47.775+05:30  INFO 10033 --- [menu-service] [  restartedMain] .e.DevToolsPropertyDefaultsPostProcessor : For additional web related logging consider setting the 'logging.level.web' property to 'DEBUG'
2025-12-01T15:26:48.456+05:30  INFO 10033 --- [menu-service] [  restartedMain] .s.d.r.c.RepositoryConfigurationDelegate : Bootstrapping Spring Data JPA repositories in DEFAULT mode.
2025-12-01T15:26:48.498+05:30  INFO 10033 --- [menu-service] [  restartedMain] .s.d.r.c.RepositoryConfigurationDelegate : Finished Spring Data repository scanning in 36 ms. Found 1 JPA repository interface.
2025-12-01T15:26:49.079+05:30  INFO 10033 --- [menu-service] [  restartedMain] o.s.b.w.embedded.tomcat.TomcatWebServer  : Tomcat initialized with port 8081 (http)
2025-12-01T15:26:49.100+05:30  INFO 10033 --- [menu-service] [  restartedMain] o.apache.catalina.core.StandardService   : Starting service [Tomcat]
2025-12-01T15:26:49.101+05:30  INFO 10033 --- [menu-service] [  restartedMain] o.apache.catalina.core.StandardEngine    : Starting Servlet engine: [Apache Tomcat/10.1.44]
2025-12-01T15:26:49.147+05:30  INFO 10033 --- [menu-service] [  restartedMain] o.a.c.c.C.[Tomcat].[localhost].[/]       : Initializing Spring embedded WebApplicationContext
2025-12-01T15:26:49.148+05:30  INFO 10033 --- [menu-service] [  restartedMain] w.s.c.ServletWebServerApplicationContext : Root WebApplicationContext: initialization completed in 1371 ms
2025-12-01T15:26:49.442+05:30  INFO 10033 --- [menu-service] [  restartedMain] o.hibernate.jpa.internal.util.LogHelper  : HHH000204: Processing PersistenceUnitInfo [name: default]
2025-12-01T15:26:49.736+05:30  INFO 10033 --- [menu-service] [  restartedMain] org.hibernate.Version                    : HHH000412: Hibernate ORM core version 6.6.26.Final
2025-12-01T15:26:49.934+05:30  INFO 10033 --- [menu-service] [  restartedMain] o.h.c.internal.RegionFactoryInitiator    : HHH000026: Second-level cache disabled
2025-12-01T15:26:51.120+05:30  INFO 10033 --- [menu-service] [  restartedMain] o.s.o.j.p.SpringPersistenceUnitInfo      : No LoadTimeWeaver setup: ignoring JPA class transformer
2025-12-01T15:26:51.213+05:30  INFO 10033 --- [menu-service] [  restartedMain] com.zaxxer.hikari.HikariDataSource       : HikariPool-1 - Starting...
2025-12-01T15:26:52.512+05:30  INFO 10033 --- [menu-service] [  restartedMain] com.zaxxer.hikari.pool.HikariPool        : HikariPool-1 - Added connection com.mysql.cj.jdbc.ConnectionImpl@74da43e8
2025-12-01T15:26:52.514+05:30  INFO 10033 --- [menu-service] [  restartedMain] com.zaxxer.hikari.HikariDataSource       : HikariPool-1 - Start completed.
2025-12-01T15:26:52.643+05:30  INFO 10033 --- [menu-service] [  restartedMain] org.hibernate.orm.connections.pooling    : HHH10001005: Database info:
	Database JDBC URL [Connecting through datasource 'HikariDataSource (HikariPool-1)']
	Database driver: undefined/unknown
	Database version: 8.2
	Autocommit mode: undefined/unknown
	Isolation level: undefined/unknown
	Minimum pool size: undefined/unknown
	Maximum pool size: undefined/unknown
2025-12-01T15:26:53.742+05:30  INFO 10033 --- [menu-service] [  restartedMain] o.h.e.t.j.p.i.JtaPlatformInitiator       : HHH000489: No JTA platform available (set 'hibernate.transaction.jta.platform' to enable JTA platform integration)
Hibernate: 
    drop table if exists menu
Hibernate: 
    create table menu (
        available bit not null,
        course tinyint check (course between 0 and 2),
        kind tinyint check (kind between 0 and 2),
        price float(53) not null,
        id binary(16) not null,
        restaurant_id binary(16),
        item_name varchar(255),
        primary key (id)
    ) engine=InnoDB
2025-12-01T15:26:53.804+05:30  INFO 10033 --- [menu-service] [  restartedMain] j.LocalContainerEntityManagerFactoryBean : Initialized JPA EntityManagerFactory for persistence unit 'default'
WARNING: A terminally deprecated method in sun.misc.Unsafe has been called
WARNING: sun.misc.Unsafe::staticFieldOffset has been called by org.modelmapper.internal.typetools.TypeResolver (file:/Users/rajivyadav/.m2/repository/org/modelmapper/modelmapper/3.2.0/modelmapper-3.2.0.jar)
WARNING: Please consider reporting this to the maintainers of class org.modelmapper.internal.typetools.TypeResolver
WARNING: sun.misc.Unsafe::staticFieldOffset will be removed in a future release
2025-12-01T15:26:54.442+05:30  WARN 10033 --- [menu-service] [  restartedMain] JpaBaseConfiguration$JpaWebConfiguration : spring.jpa.open-in-view is enabled by default. Therefore, database queries may be performed during view rendering. Explicitly configure spring.jpa.open-in-view to disable this warning
2025-12-01T15:26:54.805+05:30  WARN 10033 --- [menu-service] [  restartedMain] .s.s.UserDetailsServiceAutoConfiguration : 

Using generated security password: fd1ebf3f-ab4d-4284-bc2d-9e7163e65dd3

This generated password is for development use only. Your security configuration must be updated before running your application in production.

2025-12-01T15:26:54.820+05:30  INFO 10033 --- [menu-service] [  restartedMain] r$InitializeUserDetailsManagerConfigurer : Global AuthenticationManager configured with UserDetailsService bean with name inMemoryUserDetailsManager
2025-12-01T15:26:54.905+05:30  WARN 10033 --- [menu-service] [  restartedMain] thorizationManagerRequestMatcherRegistry : One of the patterns in [api/menu/**] is missing a leading slash. This is discouraged; please include the leading slash in all your request matcher patterns. In future versions of Spring Security, leaving out the leading slash will result in an exception.
2025-12-01T15:26:55.504+05:30  WARN 10033 --- [menu-service] [  restartedMain] o.s.b.d.a.OptionalLiveReloadServer       : Unable to start LiveReload server
2025-12-01T15:26:55.552+05:30  INFO 10033 --- [menu-service] [  restartedMain] o.s.b.w.embedded.tomcat.TomcatWebServer  : Tomcat started on port 8081 (http) with context path '/'
2025-12-01T15:26:55.565+05:30  INFO 10033 --- [menu-service] [  restartedMain] c.z.menu_service.MenuServiceApplication  : Started MenuServiceApplication in 8.172 seconds (process running for 8.499)
2025-12-01T15:29:18.113+05:30  INFO 10033 --- [menu-service] [nio-8081-exec-1] o.a.c.c.C.[Tomcat].[localhost].[/]       : Initializing Spring DispatcherServlet 'dispatcherServlet'
2025-12-01T15:29:18.118+05:30  INFO 10033 --- [menu-service] [nio-8081-exec-1] o.s.web.servlet.DispatcherServlet        : Initializing Servlet 'dispatcherServlet'
2025-12-01T15:29:18.149+05:30  INFO 10033 --- [menu-service] [nio-8081-exec-1] o.s.web.servlet.DispatcherServlet        : Completed initialization in 30 ms
2025-12-01T15:29:18.266+05:30  INFO 10033 --- [menu-service] [nio-8081-exec-1] c.z.menu_service.security.JWTAuthFilter  : Incoming request: /menu/add
2025-12-01T15:29:18.496+05:30  INFO 10033 --- [menu-service] [nio-8081-exec-1] c.z.menu_service.service.MenuService     : Added by:Niraj
Hibernate: 
    select
        m1_0.id,
        m1_0.available,
        m1_0.course,
        m1_0.item_name,
        m1_0.kind,
        m1_0.price,
        m1_0.restaurant_id 
    from
        menu m1_0 
    where
        m1_0.item_name=? 
        and m1_0.restaurant_id=?
Hibernate: 
    insert 
    into
        menu
        (available, course, item_name, kind, price, restaurant_id, id) 
    values
        (?, ?, ?, ?, ?, ?, ?)
2025-12-01T15:29:30.728+05:30  INFO 10033 --- [menu-service] [nio-8081-exec-3] c.z.menu_service.security.JWTAuthFilter  : Incoming request: /menu/add
2025-12-01T15:29:30.741+05:30  INFO 10033 --- [menu-service] [nio-8081-exec-3] c.z.menu_service.service.MenuService     : Added by:Niraj
Hibernate: 
    select
        m1_0.id,
        m1_0.available,
        m1_0.course,
        m1_0.item_name,
        m1_0.kind,
        m1_0.price,
        m1_0.restaurant_id 
    from
        menu m1_0 
    where
        m1_0.item_name=? 
        and m1_0.restaurant_id=?
Hibernate: 
    insert 
    into
        menu
        (available, course, item_name, kind, price, restaurant_id, id) 
    values
        (?, ?, ?, ?, ?, ?, ?)
2025-12-01T15:30:10.239+05:30  INFO 10033 --- [menu-service] [nio-8081-exec-4] c.z.menu_service.security.JWTAuthFilter  : Incoming request: /api/menu/get/AllFiltered/48917877-6709-4d18-960e-d97ef67d01f5
Hibernate: 
    select
        m1_0.id,
        m1_0.available,
        m1_0.course,
        m1_0.item_name,
        m1_0.kind,
        m1_0.price,
        m1_0.restaurant_id 
    from
        menu m1_0 
    where
        m1_0.restaurant_id=?
2025-12-01T15:31:23.182+05:30  INFO 10033 --- [menu-service] [nio-8081-exec-6] c.z.menu_service.security.JWTAuthFilter  : Incoming request: /api/menu/get/restaurantId/438b69b5-4bf9-4108-bc19-6cad394bce37
Hibernate: 
    select
        m1_0.id,
        m1_0.available,
        m1_0.course,
        m1_0.item_name,
        m1_0.kind,
        m1_0.price,
        m1_0.restaurant_id 
    from
        menu m1_0 
    where
        m1_0.id=?
2025-12-01T15:31:43.752+05:30  INFO 10033 --- [menu-service] [nio-8081-exec-7] c.z.menu_service.security.JWTAuthFilter  : Incoming request: /api/menu/get/restaurantId/438b69b5-4bf9-4108-bc19-6cad394bce37
Hibernate: 
    select
        m1_0.id,
        m1_0.available,
        m1_0.course,
        m1_0.item_name,
        m1_0.kind,
        m1_0.price,
        m1_0.restaurant_id 
    from
        menu m1_0 
    where
        m1_0.id=?
2025-12-01T15:31:43.773+05:30  INFO 10033 --- [menu-service] [nio-8081-exec-8] c.z.menu_service.security.JWTAuthFilter  : Incoming request: /api/menu/get/availability/438b69b5-4bf9-4108-bc19-6cad394bce37
Hibernate: 
    select
        m1_0.id,
        m1_0.available,
        m1_0.course,
        m1_0.item_name,
        m1_0.kind,
        m1_0.price,
        m1_0.restaurant_id 
    from
        menu m1_0 
    where
        m1_0.id=?
2025-12-01T15:31:43.783+05:30  INFO 10033 --- [menu-service] [nio-8081-exec-9] c.z.menu_service.security.JWTAuthFilter  : Incoming request: /api/menu/get/price/438b69b5-4bf9-4108-bc19-6cad394bce37
Hibernate: 
    select
        m1_0.id,
        m1_0.available,
        m1_0.course,
        m1_0.item_name,
        m1_0.kind,
        m1_0.price,
        m1_0.restaurant_id 
    from
        menu m1_0 
    where
        m1_0.id=?
2025-12-01T15:31:43.793+05:30  INFO 10033 --- [menu-service] [io-8081-exec-10] c.z.menu_service.security.JWTAuthFilter  : Incoming request: /api/menu/get/restaurantId/cba23c0e-09f2-40cc-8bf8-07d3dcfa3a13
Hibernate: 
    select
        m1_0.id,
        m1_0.available,
        m1_0.course,
        m1_0.item_name,
        m1_0.kind,
        m1_0.price,
        m1_0.restaurant_id 
    from
        menu m1_0 
    where
        m1_0.id=?
2025-12-01T15:31:43.798+05:30  INFO 10033 --- [menu-service] [nio-8081-exec-2] c.z.menu_service.security.JWTAuthFilter  : Incoming request: /api/menu/get/availability/cba23c0e-09f2-40cc-8bf8-07d3dcfa3a13
Hibernate: 
    select
        m1_0.id,
        m1_0.available,
        m1_0.course,
        m1_0.item_name,
        m1_0.kind,
        m1_0.price,
        m1_0.restaurant_id 
    from
        menu m1_0 
    where
        m1_0.id=?
2025-12-01T15:31:43.803+05:30  INFO 10033 --- [menu-service] [nio-8081-exec-1] c.z.menu_service.security.JWTAuthFilter  : Incoming request: /api/menu/get/price/cba23c0e-09f2-40cc-8bf8-07d3dcfa3a13
Hibernate: 
    select
        m1_0.id,
        m1_0.available,
        m1_0.course,
        m1_0.item_name,
        m1_0.kind,
        m1_0.price,
        m1_0.restaurant_id 
    from
        menu m1_0 
    where
        m1_0.id=?
2025-12-01T15:31:43.946+05:30  INFO 10033 --- [menu-service] [nio-8081-exec-3] c.z.menu_service.security.JWTAuthFilter  : Incoming request: /api/menu/get/price/438b69b5-4bf9-4108-bc19-6cad394bce37
Hibernate: 
    select
        m1_0.id,
        m1_0.available,
        m1_0.course,
        m1_0.item_name,
        m1_0.kind,
        m1_0.price,
        m1_0.restaurant_id 
    from
        menu m1_0 
    where
        m1_0.id=?
2025-12-01T15:31:43.953+05:30  INFO 10033 --- [menu-service] [nio-8081-exec-4] c.z.menu_service.security.JWTAuthFilter  : Incoming request: /api/menu/get/itemName/438b69b5-4bf9-4108-bc19-6cad394bce37
Hibernate: 
    select
        m1_0.id,
        m1_0.available,
        m1_0.course,
        m1_0.item_name,
        m1_0.kind,
        m1_0.price,
        m1_0.restaurant_id 
    from
        menu m1_0 
    where
        m1_0.id=?
2025-12-01T15:31:43.958+05:30  INFO 10033 --- [menu-service] [nio-8081-exec-5] c.z.menu_service.security.JWTAuthFilter  : Incoming request: /api/menu/get/itemName/438b69b5-4bf9-4108-bc19-6cad394bce37
Hibernate: 
    select
        m1_0.id,
        m1_0.available,
        m1_0.course,
        m1_0.item_name,
        m1_0.kind,
        m1_0.price,
        m1_0.restaurant_id 
    from
        menu m1_0 
    where
        m1_0.id=?
2025-12-01T15:31:43.963+05:30  INFO 10033 --- [menu-service] [nio-8081-exec-6] c.z.menu_service.security.JWTAuthFilter  : Incoming request: /api/menu/get/price/cba23c0e-09f2-40cc-8bf8-07d3dcfa3a13
Hibernate: 
    select
        m1_0.id,
        m1_0.available,
        m1_0.course,
        m1_0.item_name,
        m1_0.kind,
        m1_0.price,
        m1_0.restaurant_id 
    from
        menu m1_0 
    where
        m1_0.id=?
2025-12-01T15:31:43.968+05:30  INFO 10033 --- [menu-service] [nio-8081-exec-7] c.z.menu_service.security.JWTAuthFilter  : Incoming request: /api/menu/get/itemName/cba23c0e-09f2-40cc-8bf8-07d3dcfa3a13
Hibernate: 
    select
        m1_0.id,
        m1_0.available,
        m1_0.course,
        m1_0.item_name,
        m1_0.kind,
        m1_0.price,
        m1_0.restaurant_id 
    from
        menu m1_0 
    where
        m1_0.id=?
2025-12-01T15:31:43.972+05:30  INFO 10033 --- [menu-service] [nio-8081-exec-8] c.z.menu_service.security.JWTAuthFilter  : Incoming request: /api/menu/get/itemName/cba23c0e-09f2-40cc-8bf8-07d3dcfa3a13
Hibernate: 
    select
        m1_0.id,
        m1_0.available,
        m1_0.course,
        m1_0.item_name,
        m1_0.kind,
        m1_0.price,
        m1_0.restaurant_id 
    from
        menu m1_0 
    where
        m1_0.id=?
2025-12-01T15:32:05.469+05:30  INFO 10033 --- [menu-service] [nio-8081-exec-9] c.z.menu_service.security.JWTAuthFilter  : Incoming request: /api/menu/get/price/438b69b5-4bf9-4108-bc19-6cad394bce37
Hibernate: 
    select
        m1_0.id,
        m1_0.available,
        m1_0.course,
        m1_0.item_name,
        m1_0.kind,
        m1_0.price,
        m1_0.restaurant_id 
    from
        menu m1_0 
    where
        m1_0.id=?
2025-12-01T15:32:05.504+05:30  INFO 10033 --- [menu-service] [io-8081-exec-10] c.z.menu_service.security.JWTAuthFilter  : Incoming request: /api/menu/get/itemName/438b69b5-4bf9-4108-bc19-6cad394bce37
Hibernate: 
    select
        m1_0.id,
        m1_0.available,
        m1_0.course,
        m1_0.item_name,
        m1_0.kind,
        m1_0.price,
        m1_0.restaurant_id 
    from
        menu m1_0 
    where
        m1_0.id=?
2025-12-01T15:32:05.511+05:30  INFO 10033 --- [menu-service] [nio-8081-exec-2] c.z.menu_service.security.JWTAuthFilter  : Incoming request: /api/menu/get/price/cba23c0e-09f2-40cc-8bf8-07d3dcfa3a13
Hibernate: 
    select
        m1_0.id,
        m1_0.available,
        m1_0.course,
        m1_0.item_name,
        m1_0.kind,
        m1_0.price,
        m1_0.restaurant_id 
    from
        menu m1_0 
    where
        m1_0.id=?
2025-12-01T15:32:05.515+05:30  INFO 10033 --- [menu-service] [nio-8081-exec-1] c.z.menu_service.security.JWTAuthFilter  : Incoming request: /api/menu/get/itemName/cba23c0e-09f2-40cc-8bf8-07d3dcfa3a13
Hibernate: 
    select
        m1_0.id,
        m1_0.available,
        m1_0.course,
        m1_0.item_name,
        m1_0.kind,
        m1_0.price,
        m1_0.restaurant_id 
    from
        menu m1_0 
    where
        m1_0.id=?
2025-12-01T15:32:05.553+05:30  INFO 10033 --- [menu-service] [nio-8081-exec-3] c.z.menu_service.security.JWTAuthFilter  : Incoming request: /api/menu/get/price/438b69b5-4bf9-4108-bc19-6cad394bce37
Hibernate: 
    select
        m1_0.id,
        m1_0.available,
        m1_0.course,
        m1_0.item_name,
        m1_0.kind,
        m1_0.price,
        m1_0.restaurant_id 
    from
        menu m1_0 
    where
        m1_0.id=?
2025-12-01T15:32:05.558+05:30  INFO 10033 --- [menu-service] [nio-8081-exec-4] c.z.menu_service.security.JWTAuthFilter  : Incoming request: /api/menu/get/price/cba23c0e-09f2-40cc-8bf8-07d3dcfa3a13
Hibernate: 
    select
        m1_0.id,
        m1_0.available,
        m1_0.course,
        m1_0.item_name,
        m1_0.kind,
        m1_0.price,
        m1_0.restaurant_id 
    from
        menu m1_0 
    where
        m1_0.id=?
2025-12-01T15:32:41.383+05:30  INFO 10033 --- [menu-service] [nio-8081-exec-5] c.z.menu_service.security.JWTAuthFilter  : Incoming request: /api/menu/get/price/438b69b5-4bf9-4108-bc19-6cad394bce37
Hibernate: 
    select
        m1_0.id,
        m1_0.available,
        m1_0.course,
        m1_0.item_name,
        m1_0.kind,
        m1_0.price,
        m1_0.restaurant_id 
    from
        menu m1_0 
    where
        m1_0.id=?
2025-12-01T15:32:41.399+05:30  INFO 10033 --- [menu-service] [nio-8081-exec-6] c.z.menu_service.security.JWTAuthFilter  : Incoming request: /api/menu/get/itemName/438b69b5-4bf9-4108-bc19-6cad394bce37
Hibernate: 
    select
        m1_0.id,
        m1_0.available,
        m1_0.course,
        m1_0.item_name,
        m1_0.kind,
        m1_0.price,
        m1_0.restaurant_id 
    from
        menu m1_0 
    where
        m1_0.id=?
2025-12-01T15:32:41.403+05:30  INFO 10033 --- [menu-service] [nio-8081-exec-7] c.z.menu_service.security.JWTAuthFilter  : Incoming request: /api/menu/get/price/cba23c0e-09f2-40cc-8bf8-07d3dcfa3a13
Hibernate: 
    select
        m1_0.id,
        m1_0.available,
        m1_0.course,
        m1_0.item_name,
        m1_0.kind,
        m1_0.price,
        m1_0.restaurant_id 
    from
        menu m1_0 
    where
        m1_0.id=?
2025-12-01T15:32:41.408+05:30  INFO 10033 --- [menu-service] [nio-8081-exec-8] c.z.menu_service.security.JWTAuthFilter  : Incoming request: /api/menu/get/itemName/cba23c0e-09f2-40cc-8bf8-07d3dcfa3a13
Hibernate: 
    select
        m1_0.id,
        m1_0.available,
        m1_0.course,
        m1_0.item_name,
        m1_0.kind,
        m1_0.price,
        m1_0.restaurant_id 
    from
        menu m1_0 
    where
        m1_0.id=?
2025-12-01T15:32:41.422+05:30  INFO 10033 --- [menu-service] [nio-8081-exec-9] c.z.menu_service.security.JWTAuthFilter  : Incoming request: /api/menu/get/itemName/438b69b5-4bf9-4108-bc19-6cad394bce37
Hibernate: 
    select
        m1_0.id,
        m1_0.available,
        m1_0.course,
        m1_0.item_name,
        m1_0.kind,
        m1_0.price,
        m1_0.restaurant_id 
    from
        menu m1_0 
    where
        m1_0.id=?
2025-12-01T15:32:41.428+05:30  INFO 10033 --- [menu-service] [io-8081-exec-10] c.z.menu_service.security.JWTAuthFilter  : Incoming request: /api/menu/get/price/438b69b5-4bf9-4108-bc19-6cad394bce37
Hibernate: 
    select
        m1_0.id,
        m1_0.available,
        m1_0.course,
        m1_0.item_name,
        m1_0.kind,
        m1_0.price,
        m1_0.restaurant_id 
    from
        menu m1_0 
    where
        m1_0.id=?
2025-12-01T15:32:41.431+05:30  INFO 10033 --- [menu-service] [nio-8081-exec-2] c.z.menu_service.security.JWTAuthFilter  : Incoming request: /api/menu/get/price/438b69b5-4bf9-4108-bc19-6cad394bce37
Hibernate: 
    select
        m1_0.id,
        m1_0.available,
        m1_0.course,
        m1_0.item_name,
        m1_0.kind,
        m1_0.price,
        m1_0.restaurant_id 
    from
        menu m1_0 
    where
        m1_0.id=?
2025-12-01T15:32:41.436+05:30  INFO 10033 --- [menu-service] [nio-8081-exec-1] c.z.menu_service.security.JWTAuthFilter  : Incoming request: /api/menu/get/itemName/cba23c0e-09f2-40cc-8bf8-07d3dcfa3a13
Hibernate: 
    select
        m1_0.id,
        m1_0.available,
        m1_0.course,
        m1_0.item_name,
        m1_0.kind,
        m1_0.price,
        m1_0.restaurant_id 
    from
        menu m1_0 
    where
        m1_0.id=?
2025-12-01T15:32:41.439+05:30  INFO 10033 --- [menu-service] [nio-8081-exec-3] c.z.menu_service.security.JWTAuthFilter  : Incoming request: /api/menu/get/price/cba23c0e-09f2-40cc-8bf8-07d3dcfa3a13
Hibernate: 
    select
        m1_0.id,
        m1_0.available,
        m1_0.course,
        m1_0.item_name,
        m1_0.kind,
        m1_0.price,
        m1_0.restaurant_id 
    from
        menu m1_0 
    where
        m1_0.id=?
2025-12-01T15:32:41.443+05:30  INFO 10033 --- [menu-service] [nio-8081-exec-4] c.z.menu_service.security.JWTAuthFilter  : Incoming request: /api/menu/get/price/cba23c0e-09f2-40cc-8bf8-07d3dcfa3a13
Hibernate: 
    select
        m1_0.id,
        m1_0.available,
        m1_0.course,
        m1_0.item_name,
        m1_0.kind,
        m1_0.price,
        m1_0.restaurant_id 
    from
        menu m1_0 
    where
        m1_0.id=?
