WARNING: A terminally deprecated method in sun.misc.Unsafe has been called
WARNING: sun.misc.Unsafe::staticFieldBase has been called by com.google.inject.internal.aop.HiddenClassDefiner (file:/opt/homebrew/Cellar/maven/3.9.10/libexec/lib/guice-5.1.0-classes.jar)
WARNING: Please consider reporting this to the maintainers of class com.google.inject.internal.aop.HiddenClassDefiner
WARNING: sun.misc.Unsafe::staticFieldBase will be removed in a future release
[INFO] Scanning for projects...
[WARNING] 
[WARNING] Some problems were encountered while building the effective model for com.zomato:order-service:jar:0.0.1-SNAPSHOT
[WARNING] 'build.plugins.plugin.version' for org.apache.maven.plugins:maven-compiler-plugin is missing. @ line 90, column 12
[WARNING] 'build.plugins.plugin.version' for org.springframework.boot:spring-boot-maven-plugin is missing. @ line 104, column 12
[WARNING] 
[WARNING] It is highly recommended to fix these problems because they threaten the stability of your build.
[WARNING] 
[WARNING] For this reason, future Maven versions might no longer support building such malformed projects.
[WARNING] 
[INFO] 
[INFO] ----------------------< com.zomato:order-service >----------------------
[INFO] Building order-service 0.0.1-SNAPSHOT
[INFO]   from pom.xml
[INFO] --------------------------------[ jar ]---------------------------------
[INFO] 
[INFO] >>> spring-boot:4.0.0:run (default-cli) > test-compile @ order-service >>>
[INFO] 
[INFO] --- resources:3.3.1:resources (default-resources) @ order-service ---
[WARNING] Using platform encoding (UTF-8 actually) to copy filtered resources, i.e. build is platform dependent!
[INFO] Copying 1 resource from src/main/resources to target/classes
[INFO] 
[INFO] --- compiler:3.13.0:compile (default-compile) @ order-service ---
[INFO] Recompiling the module because of changed source code.
[WARNING] File encoding has not been set, using platform encoding UTF-8, i.e. build is platform dependent!
[INFO] Compiling 37 source files with javac [debug target 11] to target/classes
[WARNING] location of system modules is not set in conjunction with -source 11
  not setting the location of system modules may lead to class files that cannot run on JDK 11
    --release 11 is recommended instead of -source 11 -target 11 because it sets the location of system modules automatically
[INFO] /Users/rajivyadav/Desktop/NutriMatrix/order-service/src/main/java/com/zomato/order_service/security/SecurityConfigs.java: /Users/rajivyadav/Desktop/NutriMatrix/order-service/src/main/java/com/zomato/order_service/security/SecurityConfigs.java uses or overrides a deprecated API.
[INFO] /Users/rajivyadav/Desktop/NutriMatrix/order-service/src/main/java/com/zomato/order_service/security/SecurityConfigs.java: Recompile with -Xlint:deprecation for details.
[INFO] 
[INFO] --- resources:3.3.1:testResources (default-testResources) @ order-service ---
[WARNING] Using platform encoding (UTF-8 actually) to copy filtered resources, i.e. build is platform dependent!
[INFO] skip non existing resourceDirectory /Users/rajivyadav/Desktop/NutriMatrix/order-service/src/test/resources
[INFO] 
[INFO] --- compiler:3.13.0:testCompile (default-testCompile) @ order-service ---
[INFO] Recompiling the module because of changed dependency.
[WARNING] File encoding has not been set, using platform encoding UTF-8, i.e. build is platform dependent!
[INFO] Compiling 1 source file with javac [debug target 11] to target/test-classes
[WARNING] location of system modules is not set in conjunction with -source 11
  not setting the location of system modules may lead to class files that cannot run on JDK 11
    --release 11 is recommended instead of -source 11 -target 11 because it sets the location of system modules automatically
[INFO] 
[INFO] <<< spring-boot:4.0.0:run (default-cli) < test-compile @ order-service <<<
[INFO] 
[INFO] 
[INFO] --- spring-boot:4.0.0:run (default-cli) @ order-service ---
[INFO] Attaching agents: []

  .   ____          _            __ _ _
 /\\ / ___'_ __ _ _(_)_ __  __ _ \ \ \ \
( ( )\___ | '_ | '_| | '_ \/ _` | \ \ \ \
 \\/  ___)| |_)| | | | | || (_| |  ) ) ) )
  '  |____| .__|_| |_|_| |_\__, | / / / /
 =========|_|==============|___/=/_/_/_/

 :: Spring Boot ::                (v3.5.5)

2025-12-08T17:10:49.638+05:30  INFO 57698 --- [order-service] [  restartedMain] c.z.o.OrderServiceApplication            : Starting OrderServiceApplication using Java 25 with PID 57698 (/Users/rajivyadav/Desktop/NutriMatrix/order-service/target/classes started by rajivyadav in /Users/rajivyadav/Desktop/NutriMatrix/order-service)
2025-12-08T17:10:49.639+05:30  INFO 57698 --- [order-service] [  restartedMain] c.z.o.OrderServiceApplication            : The following 1 profile is active: "dev"
2025-12-08T17:10:49.667+05:30  INFO 57698 --- [order-service] [  restartedMain] .e.DevToolsPropertyDefaultsPostProcessor : Devtools property defaults active! Set 'spring.devtools.add-properties' to 'false' to disable
2025-12-08T17:10:49.667+05:30  INFO 57698 --- [order-service] [  restartedMain] .e.DevToolsPropertyDefaultsPostProcessor : For additional web related logging consider setting the 'logging.level.web' property to 'DEBUG'
2025-12-08T17:10:50.115+05:30  INFO 57698 --- [order-service] [  restartedMain] .s.d.r.c.RepositoryConfigurationDelegate : Bootstrapping Spring Data JPA repositories in DEFAULT mode.
2025-12-08T17:10:50.169+05:30  INFO 57698 --- [order-service] [  restartedMain] .s.d.r.c.RepositoryConfigurationDelegate : Finished Spring Data repository scanning in 45 ms. Found 2 JPA repository interfaces.
2025-12-08T17:10:50.346+05:30  INFO 57698 --- [order-service] [  restartedMain] o.s.cloud.context.scope.GenericScope     : BeanFactory id=77144c31-5910-333b-aac1-938323d26084
2025-12-08T17:10:50.837+05:30  INFO 57698 --- [order-service] [  restartedMain] o.s.b.w.embedded.tomcat.TomcatWebServer  : Tomcat initialized with port 8088 (http)
2025-12-08T17:10:50.852+05:30  INFO 57698 --- [order-service] [  restartedMain] o.apache.catalina.core.StandardService   : Starting service [Tomcat]
2025-12-08T17:10:50.852+05:30  INFO 57698 --- [order-service] [  restartedMain] o.apache.catalina.core.StandardEngine    : Starting Servlet engine: [Apache Tomcat/10.1.44]
2025-12-08T17:10:50.888+05:30  INFO 57698 --- [order-service] [  restartedMain] o.a.c.c.C.[Tomcat].[localhost].[/]       : Initializing Spring embedded WebApplicationContext
2025-12-08T17:10:50.888+05:30  INFO 57698 --- [order-service] [  restartedMain] w.s.c.ServletWebServerApplicationContext : Root WebApplicationContext: initialization completed in 1220 ms
2025-12-08T17:10:51.079+05:30  INFO 57698 --- [order-service] [  restartedMain] o.hibernate.jpa.internal.util.LogHelper  : HHH000204: Processing PersistenceUnitInfo [name: default]
2025-12-08T17:10:51.113+05:30  INFO 57698 --- [order-service] [  restartedMain] org.hibernate.Version                    : HHH000412: Hibernate ORM core version 6.6.26.Final
2025-12-08T17:10:51.142+05:30  INFO 57698 --- [order-service] [  restartedMain] o.h.c.internal.RegionFactoryInitiator    : HHH000026: Second-level cache disabled
2025-12-08T17:10:51.361+05:30  INFO 57698 --- [order-service] [  restartedMain] o.s.o.j.p.SpringPersistenceUnitInfo      : No LoadTimeWeaver setup: ignoring JPA class transformer
2025-12-08T17:10:51.387+05:30  INFO 57698 --- [order-service] [  restartedMain] com.zaxxer.hikari.HikariDataSource       : HikariPool-1 - Starting...
2025-12-08T17:10:51.711+05:30  INFO 57698 --- [order-service] [  restartedMain] com.zaxxer.hikari.pool.HikariPool        : HikariPool-1 - Added connection com.mysql.cj.jdbc.ConnectionImpl@adb9f9f
2025-12-08T17:10:51.712+05:30  INFO 57698 --- [order-service] [  restartedMain] com.zaxxer.hikari.HikariDataSource       : HikariPool-1 - Start completed.
2025-12-08T17:10:51.780+05:30  INFO 57698 --- [order-service] [  restartedMain] org.hibernate.orm.connections.pooling    : HHH10001005: Database info:
	Database JDBC URL [Connecting through datasource 'HikariDataSource (HikariPool-1)']
	Database driver: undefined/unknown
	Database version: 8.2
	Autocommit mode: undefined/unknown
	Isolation level: undefined/unknown
	Minimum pool size: undefined/unknown
	Maximum pool size: undefined/unknown
2025-12-08T17:10:52.397+05:30  INFO 57698 --- [order-service] [  restartedMain] o.h.e.t.j.p.i.JtaPlatformInitiator       : HHH000489: No JTA platform available (set 'hibernate.transaction.jta.platform' to enable JTA platform integration)
Hibernate: 
    drop table if exists orders
Hibernate: 
    drop table if exists sequence
Hibernate: 
    create table orders (
        coupon_discount float(53) not null,
        delivery_charge float(53) not null,
        gross_amount float(53) not null,
        gst_amount float(53) not null,
        order_status tinyint check (order_status between 0 and 9),
        payment_status tinyint check (payment_status between 0 and 2),
        platform_fee float(53) not null,
        total_amount float(53) not null,
        delivery_time datetime(6),
        order_time datetime(6),
        update_time datetime(6),
        version bigint,
        cart_id binary(16),
        customer_id binary(16),
        restaurant_id binary(16),
        rider_id binary(16),
        coupon_code varchar(255),
        delivery_address varchar(255),
        id varchar(255) not null,
        invoice_number varchar(255),
        otp varchar(255),
        payment_id varchar(255),
        special_instructions varchar(255),
        primary key (id)
    ) engine=InnoDB
Hibernate: 
    create table sequence (
        counter bigint,
        id bigint not null,
        primary key (id)
    ) engine=InnoDB
2025-12-08T17:10:52.477+05:30  INFO 57698 --- [order-service] [  restartedMain] j.LocalContainerEntityManagerFactoryBean : Initialized JPA EntityManagerFactory for persistence unit 'default'
2025-12-08T17:10:52.739+05:30  WARN 57698 --- [order-service] [  restartedMain] JpaBaseConfiguration$JpaWebConfiguration : spring.jpa.open-in-view is enabled by default. Therefore, database queries may be performed during view rendering. Explicitly configure spring.jpa.open-in-view to disable this warning
2025-12-08T17:10:52.770+05:30  WARN 57698 --- [order-service] [  restartedMain] o.s.b.d.a.OptionalLiveReloadServer       : Unable to start LiveReload server
2025-12-08T17:10:53.182+05:30  WARN 57698 --- [order-service] [  restartedMain] .s.s.UserDetailsServiceAutoConfiguration : 

Using generated security password: e1a49c15-6cf9-46af-9c77-4cfd1ef2c2b0

This generated password is for development use only. Your security configuration must be updated before running your application in production.

2025-12-08T17:10:53.186+05:30  INFO 57698 --- [order-service] [  restartedMain] r$InitializeUserDetailsManagerConfigurer : Global AuthenticationManager configured with UserDetailsService bean with name inMemoryUserDetailsManager
2025-12-08T17:10:53.222+05:30  WARN 57698 --- [order-service] [  restartedMain] thorizationManagerRequestMatcherRegistry : One of the patterns in [order/**] is missing a leading slash. This is discouraged; please include the leading slash in all your request matcher patterns. In future versions of Spring Security, leaving out the leading slash will result in an exception.
2025-12-08T17:10:53.509+05:30  INFO 57698 --- [order-service] [  restartedMain] o.s.b.w.embedded.tomcat.TomcatWebServer  : Tomcat started on port 8088 (http) with context path '/'
2025-12-08T17:10:53.537+05:30  INFO 57698 --- [order-service] [  restartedMain] o.a.k.clients.consumer.ConsumerConfig    : ConsumerConfig values: 
	allow.auto.create.topics = true
	auto.commit.interval.ms = 5000
	auto.include.jmx.reporter = true
	auto.offset.reset = latest
	bootstrap.servers = [localhost:9092]
	check.crcs = true
	client.dns.lookup = use_all_dns_ips
	client.id = consumer-order-service-group-1
	client.rack = 
	connections.max.idle.ms = 540000
	default.api.timeout.ms = 60000
	enable.auto.commit = false
	enable.metrics.push = true
	exclude.internal.topics = true
	fetch.max.bytes = 52428800
	fetch.max.wait.ms = 500
	fetch.min.bytes = 1
	group.id = order-service-group
	group.instance.id = null
	group.protocol = classic
	group.remote.assignor = null
	heartbeat.interval.ms = 3000
	interceptor.classes = []
	internal.leave.group.on.close = true
	internal.throw.on.fetch.stable.offset.unsupported = false
	isolation.level = read_uncommitted
	key.deserializer = class org.apache.kafka.common.serialization.StringDeserializer
	max.partition.fetch.bytes = 1048576
	max.poll.interval.ms = 300000
	max.poll.records = 500
	metadata.max.age.ms = 300000
	metadata.recovery.strategy = none
	metric.reporters = []
	metrics.num.samples = 2
	metrics.recording.level = INFO
	metrics.sample.window.ms = 30000
	partition.assignment.strategy = [class org.apache.kafka.clients.consumer.RangeAssignor, class org.apache.kafka.clients.consumer.CooperativeStickyAssignor]
	receive.buffer.bytes = 65536
	reconnect.backoff.max.ms = 1000
	reconnect.backoff.ms = 50
	request.timeout.ms = 30000
	retry.backoff.max.ms = 1000
	retry.backoff.ms = 100
	sasl.client.callback.handler.class = null
	sasl.jaas.config = null
	sasl.kerberos.kinit.cmd = /usr/bin/kinit
	sasl.kerberos.min.time.before.relogin = 60000
	sasl.kerberos.service.name = null
	sasl.kerberos.ticket.renew.jitter = 0.05
	sasl.kerberos.ticket.renew.window.factor = 0.8
	sasl.login.callback.handler.class = null
	sasl.login.class = null
	sasl.login.connect.timeout.ms = null
	sasl.login.read.timeout.ms = null
	sasl.login.refresh.buffer.seconds = 300
	sasl.login.refresh.min.period.seconds = 60
	sasl.login.refresh.window.factor = 0.8
	sasl.login.refresh.window.jitter = 0.05
	sasl.login.retry.backoff.max.ms = 10000
	sasl.login.retry.backoff.ms = 100
	sasl.mechanism = GSSAPI
	sasl.oauthbearer.clock.skew.seconds = 30
	sasl.oauthbearer.expected.audience = null
	sasl.oauthbearer.expected.issuer = null
	sasl.oauthbearer.header.urlencode = false
	sasl.oauthbearer.jwks.endpoint.refresh.ms = 3600000
	sasl.oauthbearer.jwks.endpoint.retry.backoff.max.ms = 10000
	sasl.oauthbearer.jwks.endpoint.retry.backoff.ms = 100
	sasl.oauthbearer.jwks.endpoint.url = null
	sasl.oauthbearer.scope.claim.name = scope
	sasl.oauthbearer.sub.claim.name = sub
	sasl.oauthbearer.token.endpoint.url = null
	security.protocol = PLAINTEXT
	security.providers = null
	send.buffer.bytes = 131072
	session.timeout.ms = 45000
	socket.connection.setup.timeout.max.ms = 30000
	socket.connection.setup.timeout.ms = 10000
	ssl.cipher.suites = null
	ssl.enabled.protocols = [TLSv1.2, TLSv1.3]
	ssl.endpoint.identification.algorithm = https
	ssl.engine.factory.class = null
	ssl.key.password = null
	ssl.keymanager.algorithm = SunX509
	ssl.keystore.certificate.chain = null
	ssl.keystore.key = null
	ssl.keystore.location = null
	ssl.keystore.password = null
	ssl.keystore.type = JKS
	ssl.protocol = TLSv1.3
	ssl.provider = null
	ssl.secure.random.implementation = null
	ssl.trustmanager.algorithm = PKIX
	ssl.truststore.certificates = null
	ssl.truststore.location = null
	ssl.truststore.password = null
	ssl.truststore.type = JKS
	value.deserializer = class org.springframework.kafka.support.serializer.JsonDeserializer

2025-12-08T17:10:53.577+05:30  INFO 57698 --- [order-service] [  restartedMain] o.a.k.c.t.i.KafkaMetricsCollector        : initializing Kafka metrics collector
2025-12-08T17:10:53.701+05:30  INFO 57698 --- [order-service] [  restartedMain] o.a.kafka.common.utils.AppInfoParser     : Kafka version: 3.9.1
2025-12-08T17:10:53.701+05:30  INFO 57698 --- [order-service] [  restartedMain] o.a.kafka.common.utils.AppInfoParser     : Kafka commitId: f745dfdcee2b9851
2025-12-08T17:10:53.701+05:30  INFO 57698 --- [order-service] [  restartedMain] o.a.kafka.common.utils.AppInfoParser     : Kafka startTimeMs: 1765194053700
2025-12-08T17:10:53.703+05:30  INFO 57698 --- [order-service] [  restartedMain] o.a.k.c.c.i.ClassicKafkaConsumer         : [Consumer clientId=consumer-order-service-group-1, groupId=order-service-group] Subscribed to topic(s): payment
2025-12-08T17:10:53.717+05:30  INFO 57698 --- [order-service] [  restartedMain] c.z.o.OrderServiceApplication            : Started OrderServiceApplication in 4.337 seconds (process running for 4.715)
2025-12-08T17:10:54.016+05:30  INFO 57698 --- [order-service] [ntainer#0-0-C-1] org.apache.kafka.clients.Metadata        : [Consumer clientId=consumer-order-service-group-1, groupId=order-service-group] Cluster ID: WfUlmuXqTPKaWjgyY2j2wQ
2025-12-08T17:10:54.077+05:30  INFO 57698 --- [order-service] [ntainer#0-0-C-1] o.a.k.c.c.internals.ConsumerCoordinator  : [Consumer clientId=consumer-order-service-group-1, groupId=order-service-group] Discovered group coordinator localhost:9092 (id: 2147483646 rack: null)
2025-12-08T17:10:54.079+05:30  INFO 57698 --- [order-service] [ntainer#0-0-C-1] o.a.k.c.c.internals.ConsumerCoordinator  : [Consumer clientId=consumer-order-service-group-1, groupId=order-service-group] (Re-)joining group
2025-12-08T17:10:54.106+05:30  INFO 57698 --- [order-service] [ntainer#0-0-C-1] o.a.k.c.c.internals.ConsumerCoordinator  : [Consumer clientId=consumer-order-service-group-1, groupId=order-service-group] Request joining group due to: need to re-join with the given member-id: consumer-order-service-group-1-bf5c979a-fdcc-46aa-a843-ad6d6bbfdc53
2025-12-08T17:10:54.106+05:30  INFO 57698 --- [order-service] [ntainer#0-0-C-1] o.a.k.c.c.internals.ConsumerCoordinator  : [Consumer clientId=consumer-order-service-group-1, groupId=order-service-group] (Re-)joining group
2025-12-08T17:10:57.183+05:30  INFO 57698 --- [order-service] [ntainer#0-0-C-1] o.a.k.c.c.internals.ConsumerCoordinator  : [Consumer clientId=consumer-order-service-group-1, groupId=order-service-group] Successfully joined group with generation Generation{generationId=81, memberId='consumer-order-service-group-1-bf5c979a-fdcc-46aa-a843-ad6d6bbfdc53', protocol='range'}
2025-12-08T17:10:57.192+05:30  INFO 57698 --- [order-service] [ntainer#0-0-C-1] o.a.k.c.c.internals.ConsumerCoordinator  : [Consumer clientId=consumer-order-service-group-1, groupId=order-service-group] Finished assignment for group at generation 81: {consumer-order-service-group-1-bf5c979a-fdcc-46aa-a843-ad6d6bbfdc53=Assignment(partitions=[payment-0])}
2025-12-08T17:10:57.240+05:30  INFO 57698 --- [order-service] [ntainer#0-0-C-1] o.a.k.c.c.internals.ConsumerCoordinator  : [Consumer clientId=consumer-order-service-group-1, groupId=order-service-group] Successfully synced group in generation Generation{generationId=81, memberId='consumer-order-service-group-1-bf5c979a-fdcc-46aa-a843-ad6d6bbfdc53', protocol='range'}
2025-12-08T17:10:57.241+05:30  INFO 57698 --- [order-service] [ntainer#0-0-C-1] o.a.k.c.c.internals.ConsumerCoordinator  : [Consumer clientId=consumer-order-service-group-1, groupId=order-service-group] Notifying assignor about the new Assignment(partitions=[payment-0])
2025-12-08T17:10:57.244+05:30  INFO 57698 --- [order-service] [ntainer#0-0-C-1] k.c.c.i.ConsumerRebalanceListenerInvoker : [Consumer clientId=consumer-order-service-group-1, groupId=order-service-group] Adding newly assigned partitions: payment-0
2025-12-08T17:10:57.261+05:30  INFO 57698 --- [order-service] [ntainer#0-0-C-1] o.a.k.c.c.internals.ConsumerUtils        : Setting offset for partition payment-0 to the committed offset FetchPosition{offset=22, offsetEpoch=Optional.empty, currentLeader=LeaderAndEpoch{leader=Optional[localhost:9092 (id: 1 rack: null)], epoch=8}}
2025-12-08T17:10:57.262+05:30  INFO 57698 --- [order-service] [ntainer#0-0-C-1] o.s.k.l.KafkaMessageListenerContainer    : order-service-group: partitions assigned: [payment-0]
2025-12-08T17:16:16.295+05:30  WARN 57698 --- [order-service] [l-1:housekeeper] com.zaxxer.hikari.pool.HikariPool        : HikariPool-1 - Thread starvation or clock leap detected (housekeeper delta=54s432ms).
2025-12-08T17:30:00.768+05:30  INFO 57698 --- [order-service] [ntainer#0-0-C-1] org.apache.kafka.clients.NetworkClient   : [Consumer clientId=consumer-order-service-group-1, groupId=order-service-group] Disconnecting from node 1 due to request timeout.
2025-12-08T17:30:00.899+05:30  INFO 57698 --- [order-service] [ntainer#0-0-C-1] org.apache.kafka.clients.NetworkClient   : [Consumer clientId=consumer-order-service-group-1, groupId=order-service-group] Cancelled in-flight FETCH request with correlation id 661 due to node 1 being disconnected (elapsed time since creation: 786386ms, elapsed time since send: 786386ms, throttle time: 0ms, request timeout: 30000ms)
2025-12-08T17:30:00.921+05:30  INFO 57698 --- [order-service] [r-service-group] o.a.k.c.c.internals.ConsumerCoordinator  : [Consumer clientId=consumer-order-service-group-1, groupId=order-service-group] Group coordinator localhost:9092 (id: 2147483646 rack: null) is unavailable or invalid due to cause: session timed out without receiving a heartbeat response. isDisconnected: false. Rediscovery will be attempted.
2025-12-08T17:30:00.922+05:30  INFO 57698 --- [order-service] [r-service-group] o.a.k.c.c.internals.ConsumerCoordinator  : [Consumer clientId=consumer-order-service-group-1, groupId=order-service-group] Requesting disconnect from last known coordinator localhost:9092 (id: 2147483646 rack: null)
2025-12-08T17:30:00.925+05:30  INFO 57698 --- [order-service] [r-service-group] org.apache.kafka.clients.NetworkClient   : [Consumer clientId=consumer-order-service-group-1, groupId=order-service-group] Client requested disconnect from node 2147483646
2025-12-08T17:30:00.923+05:30  INFO 57698 --- [order-service] [ntainer#0-0-C-1] o.a.kafka.clients.FetchSessionHandler    : [Consumer clientId=consumer-order-service-group-1, groupId=order-service-group] Error sending fetch request (sessionId=1611299349, epoch=545) to node 1:

org.apache.kafka.common.errors.DisconnectException: null

2025-12-08T17:30:01.955+05:30  INFO 57698 --- [order-service] [ntainer#0-0-C-1] o.a.k.c.c.internals.ConsumerCoordinator  : [Consumer clientId=consumer-order-service-group-1, groupId=order-service-group] Discovered group coordinator localhost:9092 (id: 2147483646 rack: null)
2025-12-08T17:30:01.977+05:30  INFO 57698 --- [order-service] [ntainer#0-0-C-1] o.a.k.c.c.internals.ConsumerCoordinator  : [Consumer clientId=consumer-order-service-group-1, groupId=order-service-group] Discovered group coordinator localhost:9092 (id: 2147483646 rack: null)
2025-12-08T17:40:00.670+05:30  INFO 57698 --- [order-service] [r-service-group] o.a.k.c.c.internals.ConsumerCoordinator  : [Consumer clientId=consumer-order-service-group-1, groupId=order-service-group] Group coordinator localhost:9092 (id: 2147483646 rack: null) is unavailable or invalid due to cause: session timed out without receiving a heartbeat response. isDisconnected: false. Rediscovery will be attempted.
2025-12-08T17:40:00.674+05:30  INFO 57698 --- [order-service] [r-service-group] o.a.k.c.c.internals.ConsumerCoordinator  : [Consumer clientId=consumer-order-service-group-1, groupId=order-service-group] Requesting disconnect from last known coordinator localhost:9092 (id: 2147483646 rack: null)
2025-12-08T17:40:00.674+05:30  INFO 57698 --- [order-service] [r-service-group] org.apache.kafka.clients.NetworkClient   : [Consumer clientId=consumer-order-service-group-1, groupId=order-service-group] Client requested disconnect from node 2147483646
2025-12-08T17:40:00.681+05:30  INFO 57698 --- [order-service] [ntainer#0-0-C-1] o.a.k.c.c.internals.ConsumerCoordinator  : [Consumer clientId=consumer-order-service-group-1, groupId=order-service-group] Discovered group coordinator localhost:9092 (id: 2147483646 rack: null)
2025-12-08T17:40:00.682+05:30  INFO 57698 --- [order-service] [ntainer#0-0-C-1] o.a.k.c.c.internals.ConsumerCoordinator  : [Consumer clientId=consumer-order-service-group-1, groupId=order-service-group] Group coordinator localhost:9092 (id: 2147483646 rack: null) is unavailable or invalid due to cause: coordinator unavailable. isDisconnected: false. Rediscovery will be attempted.
2025-12-08T17:40:00.682+05:30  INFO 57698 --- [order-service] [ntainer#0-0-C-1] o.a.k.c.c.internals.ConsumerCoordinator  : [Consumer clientId=consumer-order-service-group-1, groupId=order-service-group] Requesting disconnect from last known coordinator localhost:9092 (id: 2147483646 rack: null)
2025-12-08T17:40:00.799+05:30  INFO 57698 --- [order-service] [ntainer#0-0-C-1] o.a.k.c.c.internals.ConsumerCoordinator  : [Consumer clientId=consumer-order-service-group-1, groupId=order-service-group] Discovered group coordinator localhost:9092 (id: 2147483646 rack: null)
2025-12-08T17:40:03.603+05:30  WARN 57698 --- [order-service] [l-1:housekeeper] com.zaxxer.hikari.pool.HikariPool        : HikariPool-1 - Thread starvation or clock leap detected (housekeeper delta=23m47s316ms).
2025-12-08T17:49:14.149+05:30  INFO 57698 --- [order-service] [r-service-group] o.a.k.c.c.internals.ConsumerCoordinator  : [Consumer clientId=consumer-order-service-group-1, groupId=order-service-group] Group coordinator localhost:9092 (id: 2147483646 rack: null) is unavailable or invalid due to cause: session timed out without receiving a heartbeat response. isDisconnected: false. Rediscovery will be attempted.
2025-12-08T17:49:14.173+05:30  INFO 57698 --- [order-service] [r-service-group] o.a.k.c.c.internals.ConsumerCoordinator  : [Consumer clientId=consumer-order-service-group-1, groupId=order-service-group] Requesting disconnect from last known coordinator localhost:9092 (id: 2147483646 rack: null)
2025-12-08T17:49:14.344+05:30  INFO 57698 --- [order-service] [r-service-group] org.apache.kafka.clients.NetworkClient   : [Consumer clientId=consumer-order-service-group-1, groupId=order-service-group] Client requested disconnect from node 2147483646
2025-12-08T17:49:14.820+05:30  INFO 57698 --- [order-service] [ntainer#0-0-C-1] o.a.k.c.c.internals.ConsumerCoordinator  : [Consumer clientId=consumer-order-service-group-1, groupId=order-service-group] Discovered group coordinator localhost:9092 (id: 2147483646 rack: null)
2025-12-08T17:49:38.940+05:30  WARN 57698 --- [order-service] [l-1:housekeeper] com.zaxxer.hikari.pool.HikariPool        : HikariPool-1 - Thread starvation or clock leap detected (housekeeper delta=9m35s332ms).
2025-12-08T17:49:58.805+05:30  INFO 57698 --- [order-service] [ntainer#0-0-C-1] k.c.c.i.ConsumerRebalanceListenerInvoker : [Consumer clientId=consumer-order-service-group-1, groupId=order-service-group] Revoke previously assigned partitions payment-0
2025-12-08T17:49:59.157+05:30  INFO 57698 --- [order-service] [ntainer#0-0-C-1] o.s.k.l.KafkaMessageListenerContainer    : order-service-group: partitions revoked: [payment-0]
2025-12-08T17:49:59.166+05:30  INFO 57698 --- [order-service] [ntainer#0-0-C-1] o.a.k.c.c.internals.ConsumerCoordinator  : [Consumer clientId=consumer-order-service-group-1, groupId=order-service-group] Member consumer-order-service-group-1-bf5c979a-fdcc-46aa-a843-ad6d6bbfdc53 sending LeaveGroup request to coordinator localhost:9092 (id: 2147483646 rack: null) due to the consumer unsubscribed from all topics
2025-12-08T17:49:59.178+05:30  INFO 57698 --- [order-service] [ntainer#0-0-C-1] o.a.k.c.c.internals.ConsumerCoordinator  : [Consumer clientId=consumer-order-service-group-1, groupId=order-service-group] Resetting generation and member id due to: consumer pro-actively leaving the group
2025-12-08T17:49:59.178+05:30  INFO 57698 --- [order-service] [ntainer#0-0-C-1] o.a.k.c.c.internals.ConsumerCoordinator  : [Consumer clientId=consumer-order-service-group-1, groupId=order-service-group] Request joining group due to: consumer pro-actively leaving the group
2025-12-08T17:49:59.179+05:30  INFO 57698 --- [order-service] [ntainer#0-0-C-1] o.a.k.c.c.i.ClassicKafkaConsumer         : [Consumer clientId=consumer-order-service-group-1, groupId=order-service-group] Unsubscribed all topics or patterns and assigned partitions
2025-12-08T17:49:59.226+05:30  INFO 57698 --- [order-service] [ntainer#0-0-C-1] o.a.k.c.c.internals.ConsumerCoordinator  : [Consumer clientId=consumer-order-service-group-1, groupId=order-service-group] Resetting generation and member id due to: consumer pro-actively leaving the group
2025-12-08T17:49:59.226+05:30  INFO 57698 --- [order-service] [ntainer#0-0-C-1] o.a.k.c.c.internals.ConsumerCoordinator  : [Consumer clientId=consumer-order-service-group-1, groupId=order-service-group] Request joining group due to: consumer pro-actively leaving the group
2025-12-08T17:49:59.837+05:30  INFO 57698 --- [order-service] [ntainer#0-0-C-1] o.apache.kafka.common.metrics.Metrics    : Metrics scheduler closed
2025-12-08T17:49:59.837+05:30  INFO 57698 --- [order-service] [ntainer#0-0-C-1] o.apache.kafka.common.metrics.Metrics    : Closing reporter org.apache.kafka.common.metrics.JmxReporter
2025-12-08T17:49:59.837+05:30  INFO 57698 --- [order-service] [ntainer#0-0-C-1] o.apache.kafka.common.metrics.Metrics    : Closing reporter org.apache.kafka.common.telemetry.internals.ClientTelemetryReporter
2025-12-08T17:49:59.837+05:30  INFO 57698 --- [order-service] [ntainer#0-0-C-1] o.apache.kafka.common.metrics.Metrics    : Metrics reporters closed
2025-12-08T17:49:59.847+05:30  INFO 57698 --- [order-service] [ntainer#0-0-C-1] o.a.kafka.common.utils.AppInfoParser     : App info kafka.consumer for consumer-order-service-group-1 unregistered
2025-12-08T17:49:59.848+05:30  INFO 57698 --- [order-service] [ntainer#0-0-C-1] o.s.k.l.KafkaMessageListenerContainer    : order-service-group: Consumer stopped
2025-12-08T17:49:59.854+05:30  INFO 57698 --- [order-service] [ionShutdownHook] o.s.b.w.e.tomcat.GracefulShutdown        : Commencing graceful shutdown. Waiting for active requests to complete
2025-12-08T17:49:59.872+05:30  INFO 57698 --- [order-service] [tomcat-shutdown] o.s.b.w.e.tomcat.GracefulShutdown        : Graceful shutdown complete
2025-12-08T17:49:59.892+05:30  INFO 57698 --- [order-service] [ionShutdownHook] j.LocalContainerEntityManagerFactoryBean : Closing JPA EntityManagerFactory for persistence unit 'default'
2025-12-08T17:49:59.917+05:30  INFO 57698 --- [order-service] [ionShutdownHook] com.zaxxer.hikari.HikariDataSource       : HikariPool-1 - Shutdown initiated...
2025-12-08T17:49:59.931+05:30  INFO 57698 --- [order-service] [ionShutdownHook] com.zaxxer.hikari.HikariDataSource       : HikariPool-1 - Shutdown completed.
