WARNING: A terminally deprecated method in sun.misc.Unsafe has been called
WARNING: sun.misc.Unsafe::staticFieldBase has been called by com.google.inject.internal.aop.HiddenClassDefiner (file:/opt/homebrew/Cellar/maven/3.9.10/libexec/lib/guice-5.1.0-classes.jar)
WARNING: Please consider reporting this to the maintainers of class com.google.inject.internal.aop.HiddenClassDefiner
WARNING: sun.misc.Unsafe::staticFieldBase will be removed in a future release
[INFO] Scanning for projects...
[WARNING] 
[WARNING] Some problems were encountered while building the effective model for com.zomato:restaurant-service:jar:0.0.1
[WARNING] 'build.plugins.plugin.version' for org.apache.maven.plugins:maven-compiler-plugin is missing. @ line 74, column 12
[WARNING] 'build.plugins.plugin.version' for org.springframework.boot:spring-boot-maven-plugin is missing. @ line 86, column 12
[WARNING] 
[WARNING] It is highly recommended to fix these problems because they threaten the stability of your build.
[WARNING] 
[WARNING] For this reason, future Maven versions might no longer support building such malformed projects.
[WARNING] 
[INFO] 
[INFO] -------------------< com.zomato:restaurant-service >--------------------
[INFO] Building restaurantDetails-service 0.0.1
[INFO]   from pom.xml
[INFO] --------------------------------[ jar ]---------------------------------
[INFO] 
[INFO] >>> spring-boot:4.0.0:run (default-cli) > test-compile @ restaurant-service >>>
[INFO] 
[INFO] --- resources:3.3.1:resources (default-resources) @ restaurant-service ---
[WARNING] Using platform encoding (UTF-8 actually) to copy filtered resources, i.e. build is platform dependent!
[INFO] Copying 1 resource from src/main/resources to target/classes
[INFO] 
[INFO] --- compiler:3.13.0:compile (default-compile) @ restaurant-service ---
[INFO] Recompiling the module because of added or removed source files.
[WARNING] File encoding has not been set, using platform encoding UTF-8, i.e. build is platform dependent!
[INFO] Compiling 6 source files with javac [debug target 1.8] to target/classes
[WARNING] bootstrap class path is not set in conjunction with -source 8
  not setting the bootstrap class path may lead to class files that cannot run on JDK 8
    --release 8 is recommended instead of -source 8 -target 1.8 because it sets the bootstrap class path automatically
[WARNING] source value 8 is obsolete and will be removed in a future release
[WARNING] target value 8 is obsolete and will be removed in a future release
[WARNING] To suppress warnings about obsolete options, use -Xlint:-options.
[INFO] 
[INFO] --- resources:3.3.1:testResources (default-testResources) @ restaurant-service ---
[WARNING] Using platform encoding (UTF-8 actually) to copy filtered resources, i.e. build is platform dependent!
[INFO] skip non existing resourceDirectory /Users/rajivyadav/Desktop/NutriMatrix/restaurant-service/src/test/resources
[INFO] 
[INFO] --- compiler:3.13.0:testCompile (default-testCompile) @ restaurant-service ---
[INFO] Recompiling the module because of changed dependency.
[WARNING] File encoding has not been set, using platform encoding UTF-8, i.e. build is platform dependent!
[INFO] Compiling 1 source file with javac [debug target 1.8] to target/test-classes
[WARNING] bootstrap class path is not set in conjunction with -source 8
  not setting the bootstrap class path may lead to class files that cannot run on JDK 8
    --release 8 is recommended instead of -source 8 -target 1.8 because it sets the bootstrap class path automatically
[WARNING] source value 8 is obsolete and will be removed in a future release
[WARNING] target value 8 is obsolete and will be removed in a future release
[WARNING] To suppress warnings about obsolete options, use -Xlint:-options.
[INFO] 
[INFO] <<< spring-boot:4.0.0:run (default-cli) < test-compile @ restaurant-service <<<
[INFO] 
[INFO] 
[INFO] --- spring-boot:4.0.0:run (default-cli) @ restaurant-service ---
[INFO] Attaching agents: []

  .   ____          _            __ _ _
 /\\ / ___'_ __ _ _(_)_ __  __ _ \ \ \ \
( ( )\___ | '_ | '_| | '_ \/ _` | \ \ \ \
 \\/  ___)| |_)| | | | | || (_| |  ) ) ) )
  '  |____| .__|_| |_|_| |_\__, | / / / /
 =========|_|==============|___/=/_/_/_/

 :: Spring Boot ::                (v3.5.5)

2025-12-01T13:07:55.983+05:30  INFO 5536 --- [restaurantDetails-service] [  restartedMain] c.z.r.RestaurantServiceApplication       : Starting RestaurantServiceApplication using Java 25 with PID 5536 (/Users/rajivyadav/Desktop/NutriMatrix/restaurant-service/target/classes started by rajivyadav in /Users/rajivyadav/Desktop/NutriMatrix/restaurant-service)
2025-12-01T13:07:55.985+05:30  INFO 5536 --- [restaurantDetails-service] [  restartedMain] c.z.r.RestaurantServiceApplication       : No active profile set, falling back to 1 default profile: "default"
2025-12-01T13:07:56.025+05:30  INFO 5536 --- [restaurantDetails-service] [  restartedMain] .e.DevToolsPropertyDefaultsPostProcessor : Devtools property defaults active! Set 'spring.devtools.add-properties' to 'false' to disable
2025-12-01T13:07:56.025+05:30  INFO 5536 --- [restaurantDetails-service] [  restartedMain] .e.DevToolsPropertyDefaultsPostProcessor : For additional web related logging consider setting the 'logging.level.web' property to 'DEBUG'
2025-12-01T13:07:56.621+05:30  INFO 5536 --- [restaurantDetails-service] [  restartedMain] o.s.cloud.context.scope.GenericScope     : BeanFactory id=1675a921-76ee-3af3-ac6f-a02903d0cdb5
2025-12-01T13:07:56.938+05:30  INFO 5536 --- [restaurantDetails-service] [  restartedMain] o.s.b.w.embedded.tomcat.TomcatWebServer  : Tomcat initialized with port 8083 (http)
2025-12-01T13:07:56.955+05:30  INFO 5536 --- [restaurantDetails-service] [  restartedMain] o.apache.catalina.core.StandardService   : Starting service [Tomcat]
2025-12-01T13:07:56.955+05:30  INFO 5536 --- [restaurantDetails-service] [  restartedMain] o.apache.catalina.core.StandardEngine    : Starting Servlet engine: [Apache Tomcat/10.1.44]
2025-12-01T13:07:56.995+05:30  INFO 5536 --- [restaurantDetails-service] [  restartedMain] o.a.c.c.C.[Tomcat].[localhost].[/]       : Initializing Spring embedded WebApplicationContext
2025-12-01T13:07:56.996+05:30  INFO 5536 --- [restaurantDetails-service] [  restartedMain] w.s.c.ServletWebServerApplicationContext : Root WebApplicationContext: initialization completed in 969 ms
2025-12-01T13:07:57.154+05:30  INFO 5536 --- [restaurantDetails-service] [  restartedMain] o.s.b.d.a.OptionalLiveReloadServer       : LiveReload server is running on port 35729
2025-12-01T13:07:57.450+05:30  INFO 5536 --- [restaurantDetails-service] [  restartedMain] o.s.b.w.embedded.tomcat.TomcatWebServer  : Tomcat started on port 8083 (http) with context path '/'
2025-12-01T13:07:57.464+05:30  INFO 5536 --- [restaurantDetails-service] [  restartedMain] c.z.r.RestaurantServiceApplication       : Started RestaurantServiceApplication in 1.859 seconds (process running for 2.393)
2025-12-01T13:13:04.664+05:30  INFO 5536 --- [restaurantDetails-service] [ionShutdownHook] o.s.b.w.e.tomcat.GracefulShutdown        : Commencing graceful shutdown. Waiting for active requests to complete
2025-12-01T13:13:04.842+05:30  INFO 5536 --- [restaurantDetails-service] [tomcat-shutdown] o.s.b.w.e.tomcat.GracefulShutdown        : Graceful shutdown complete
