WARNING: A terminally deprecated method in sun.misc.Unsafe has been called
WARNING: sun.misc.Unsafe::staticFieldBase has been called by com.google.inject.internal.aop.HiddenClassDefiner (file:/opt/homebrew/Cellar/maven/3.9.10/libexec/lib/guice-5.1.0-classes.jar)
WARNING: Please consider reporting this to the maintainers of class com.google.inject.internal.aop.HiddenClassDefiner
WARNING: sun.misc.Unsafe::staticFieldBase will be removed in a future release
[INFO] Scanning for projects...
[WARNING] 
[WARNING] Some problems were encountered while building the effective model for com.zomato:users-service:jar:0.0.1
[WARNING] 'build.plugins.plugin.version' for org.apache.maven.plugins:maven-compiler-plugin is missing. @ line 101, column 12
[WARNING] 'build.plugins.plugin.version' for org.springframework.boot:spring-boot-maven-plugin is missing. @ line 115, column 12
[WARNING] 
[WARNING] It is highly recommended to fix these problems because they threaten the stability of your build.
[WARNING] 
[WARNING] For this reason, future Maven versions might no longer support building such malformed projects.
[WARNING] 
[INFO] 
[INFO] ----------------------< com.zomato:users-service >----------------------
[INFO] Building users-service 0.0.1
[INFO]   from pom.xml
[INFO] --------------------------------[ jar ]---------------------------------
[INFO] 
[INFO] >>> spring-boot:4.0.0:run (default-cli) > test-compile @ users-service >>>
[INFO] 
[INFO] --- resources:3.3.1:resources (default-resources) @ users-service ---
[WARNING] Using platform encoding (UTF-8 actually) to copy filtered resources, i.e. build is platform dependent!
[INFO] Copying 1 resource from src/main/resources to target/classes
[INFO] 
[INFO] --- compiler:3.13.0:compile (default-compile) @ users-service ---
[INFO] Recompiling the module because of changed source code.
[WARNING] File encoding has not been set, using platform encoding UTF-8, i.e. build is platform dependent!
[INFO] Compiling 52 source files with javac [debug target 9] to target/classes
[WARNING] location of system modules is not set in conjunction with -source 9
  not setting the location of system modules may lead to class files that cannot run on JDK 9
    --release 9 is recommended instead of -source 9 -target 9 because it sets the location of system modules automatically
[INFO] /Users/rajivyadav/Desktop/NutriMatrix/users-service/src/main/java/com/zomato/user_service/security/SecurityConfigs.java: /Users/rajivyadav/Desktop/NutriMatrix/users-service/src/main/java/com/zomato/user_service/security/SecurityConfigs.java uses or overrides a deprecated API.
[INFO] /Users/rajivyadav/Desktop/NutriMatrix/users-service/src/main/java/com/zomato/user_service/security/SecurityConfigs.java: Recompile with -Xlint:deprecation for details.
[INFO] 
[INFO] --- resources:3.3.1:testResources (default-testResources) @ users-service ---
[WARNING] Using platform encoding (UTF-8 actually) to copy filtered resources, i.e. build is platform dependent!
[INFO] skip non existing resourceDirectory /Users/rajivyadav/Desktop/NutriMatrix/users-service/src/test/resources
[INFO] 
[INFO] --- compiler:3.13.0:testCompile (default-testCompile) @ users-service ---
[INFO] Recompiling the module because of changed dependency.
[WARNING] File encoding has not been set, using platform encoding UTF-8, i.e. build is platform dependent!
[INFO] Compiling 1 source file with javac [debug target 9] to target/test-classes
[WARNING] location of system modules is not set in conjunction with -source 9
  not setting the location of system modules may lead to class files that cannot run on JDK 9
    --release 9 is recommended instead of -source 9 -target 9 because it sets the location of system modules automatically
[INFO] 
[INFO] <<< spring-boot:4.0.0:run (default-cli) < test-compile @ users-service <<<
[INFO] 
[INFO] 
[INFO] --- spring-boot:4.0.0:run (default-cli) @ users-service ---
[INFO] Attaching agents: []

  .   ____          _            __ _ _
 /\\ / ___'_ __ _ _(_)_ __  __ _ \ \ \ \
( ( )\___ | '_ | '_| | '_ \/ _` | \ \ \ \
 \\/  ___)| |_)| | | | | || (_| |  ) ) ) )
  '  |____| .__|_| |_|_| |_\__, | / / / /
 =========|_|==============|___/=/_/_/_/

 :: Spring Boot ::                (v3.5.5)

2025-12-08T17:10:40.521+05:30  INFO 57664 --- [users-service] [  restartedMain] c.z.user_service.UserServiceApplication  : Starting UserServiceApplication using Java 25 with PID 57664 (/Users/rajivyadav/Desktop/NutriMatrix/users-service/target/classes started by rajivyadav in /Users/rajivyadav/Desktop/NutriMatrix/users-service)
2025-12-08T17:10:40.523+05:30  INFO 57664 --- [users-service] [  restartedMain] c.z.user_service.UserServiceApplication  : The following 1 profile is active: "dev"
2025-12-08T17:10:40.568+05:30  INFO 57664 --- [users-service] [  restartedMain] .e.DevToolsPropertyDefaultsPostProcessor : Devtools property defaults active! Set 'spring.devtools.add-properties' to 'false' to disable
2025-12-08T17:10:40.568+05:30  INFO 57664 --- [users-service] [  restartedMain] .e.DevToolsPropertyDefaultsPostProcessor : For additional web related logging consider setting the 'logging.level.web' property to 'DEBUG'
2025-12-08T17:10:41.463+05:30  INFO 57664 --- [users-service] [  restartedMain] .s.d.r.c.RepositoryConfigurationDelegate : Bootstrapping Spring Data JPA repositories in DEFAULT mode.
2025-12-08T17:10:41.517+05:30  INFO 57664 --- [users-service] [  restartedMain] .s.d.r.c.RepositoryConfigurationDelegate : Finished Spring Data repository scanning in 45 ms. Found 1 JPA repository interface.
2025-12-08T17:10:41.713+05:30  INFO 57664 --- [users-service] [  restartedMain] o.s.cloud.context.scope.GenericScope     : BeanFactory id=2a5c6106-beff-305e-9b74-c5368207747b
2025-12-08T17:10:42.249+05:30  INFO 57664 --- [users-service] [  restartedMain] o.s.b.w.embedded.tomcat.TomcatWebServer  : Tomcat initialized with port 8080 (http)
2025-12-08T17:10:42.263+05:30  INFO 57664 --- [users-service] [  restartedMain] o.apache.catalina.core.StandardService   : Starting service [Tomcat]
2025-12-08T17:10:42.264+05:30  INFO 57664 --- [users-service] [  restartedMain] o.apache.catalina.core.StandardEngine    : Starting Servlet engine: [Apache Tomcat/10.1.44]
2025-12-08T17:10:42.302+05:30  INFO 57664 --- [users-service] [  restartedMain] o.a.c.c.C.[Tomcat].[localhost].[/]       : Initializing Spring embedded WebApplicationContext
2025-12-08T17:10:42.303+05:30  INFO 57664 --- [users-service] [  restartedMain] w.s.c.ServletWebServerApplicationContext : Root WebApplicationContext: initialization completed in 1733 ms
2025-12-08T17:10:42.471+05:30  INFO 57664 --- [users-service] [  restartedMain] o.hibernate.jpa.internal.util.LogHelper  : HHH000204: Processing PersistenceUnitInfo [name: default]
2025-12-08T17:10:42.516+05:30  INFO 57664 --- [users-service] [  restartedMain] org.hibernate.Version                    : HHH000412: Hibernate ORM core version 6.6.26.Final
2025-12-08T17:10:42.542+05:30  INFO 57664 --- [users-service] [  restartedMain] o.h.c.internal.RegionFactoryInitiator    : HHH000026: Second-level cache disabled
2025-12-08T17:10:42.786+05:30  INFO 57664 --- [users-service] [  restartedMain] o.s.o.j.p.SpringPersistenceUnitInfo      : No LoadTimeWeaver setup: ignoring JPA class transformer
2025-12-08T17:10:42.809+05:30  INFO 57664 --- [users-service] [  restartedMain] com.zaxxer.hikari.HikariDataSource       : HikariPool-1 - Starting...
2025-12-08T17:10:43.174+05:30  INFO 57664 --- [users-service] [  restartedMain] com.zaxxer.hikari.pool.HikariPool        : HikariPool-1 - Added connection com.mysql.cj.jdbc.ConnectionImpl@51637048
2025-12-08T17:10:43.176+05:30  INFO 57664 --- [users-service] [  restartedMain] com.zaxxer.hikari.HikariDataSource       : HikariPool-1 - Start completed.
2025-12-08T17:10:43.263+05:30  INFO 57664 --- [users-service] [  restartedMain] org.hibernate.orm.connections.pooling    : HHH10001005: Database info:
	Database JDBC URL [Connecting through datasource 'HikariDataSource (HikariPool-1)']
	Database driver: undefined/unknown
	Database version: 8.2
	Autocommit mode: undefined/unknown
	Isolation level: undefined/unknown
	Minimum pool size: undefined/unknown
	Maximum pool size: undefined/unknown
2025-12-08T17:10:43.980+05:30  INFO 57664 --- [users-service] [  restartedMain] o.h.e.t.j.p.i.JtaPlatformInitiator       : HHH000489: No JTA platform available (set 'hibernate.transaction.jta.platform' to enable JTA platform integration)
Hibernate: 
    alter table customer_address 
       drop 
       foreign key FKky06a5fapb86390n35itnh5uj
2025-12-08T17:30:06.838+05:30  WARN 57664 --- [users-service] [l-1:housekeeper] com.zaxxer.hikari.pool.HikariPool        : HikariPool-1 - Thread starvation or clock leap detected (housekeeper delta=14m23s437ms).
2025-12-08T17:49:30.474+05:30  WARN 57664 --- [users-service] [l-1:housekeeper] com.zaxxer.hikari.pool.HikariPool        : HikariPool-1 - Thread starvation or clock leap detected (housekeeper delta=19m23s702ms).
Hibernate: 
    alter table restaurant_details 
       drop 
       foreign key FKb0x7a6k2qe9y37ttavb7yw32j
Hibernate: 
    alter table rider_details 
       drop 
       foreign key FK9kkcvyi5xd7hgc1bfdm67y9bc
Hibernate: 
    drop table if exists customer_address
Hibernate: 
    drop table if exists restaurant_details
Hibernate: 
    drop table if exists rider_details
Hibernate: 
    drop table if exists users
Hibernate: 
    create table customer_address (
        is_default bit,
        latitude float(53),
        longitude float(53),
        created_at datetime(6),
        updated_at datetime(6),
        id binary(16) not null,
        user_id binary(16) not null,
        address_line varchar(255),
        primary key (id)
    ) engine=InnoDB
Hibernate: 
    create table restaurant_details (
        latitude float(53),
        longitude float(53),
        created_at datetime(6),
        updated_at datetime(6),
        id binary(16) not null,
        user_id binary(16) not null,
        business_license_number varchar(255),
        restaurant_address varchar(255) not null,
        restaurant_name varchar(255) not null,
        working_hours varchar(255),
        primary key (id)
    ) engine=InnoDB
Hibernate: 
    create table rider_details (
        active_status bit,
        current_latitude float(53),
        current_longitude float(53),
        is_available bit,
        created_at datetime(6),
        updated_at datetime(6),
        id binary(16) not null,
        user_id binary(16) not null,
        license_plate varchar(255),
        permanent_address varchar(255),
        vehicle_type varchar(255),
        primary key (id)
    ) engine=InnoDB
Hibernate: 
    create table users (
        created_at datetime(6),
        updated_at datetime(6),
        id binary(16) not null,
        email varchar(255) not null,
        password varchar(255) not null,
        phone_number varchar(255) not null,
        user_name varchar(255) not null,
        role enum ('ADMIN','CUSTOMER','RESTAURANT_MANAGER','RIDER'),
        status enum ('ACTIVE','APPROVAL_PENDING','BLOCKED','DELETED'),
        primary key (id)
    ) engine=InnoDB
Hibernate: 
    alter table restaurant_details 
       add constraint UK2ow7yos31m219oel1ragf9704 unique (user_id)
Hibernate: 
    alter table rider_details 
       add constraint UKs7e6yn5llen6ibi8mnge30de3 unique (user_id)
Hibernate: 
    alter table users 
       add constraint UK6dotkott2kjsp8vw4d0m25fb7 unique (email)
Hibernate: 
    alter table users 
       add constraint UK9q63snka3mdh91as4io72espi unique (phone_number)
Hibernate: 
    alter table users 
       add constraint UKk8d0f2n7n88w1a16yhua64onx unique (user_name)
Hibernate: 
    alter table customer_address 
       add constraint FKky06a5fapb86390n35itnh5uj 
       foreign key (user_id) 
       references users (id)
Hibernate: 
    alter table restaurant_details 
       add constraint FKb0x7a6k2qe9y37ttavb7yw32j 
       foreign key (user_id) 
       references users (id)
Hibernate: 
    alter table rider_details 
       add constraint FK9kkcvyi5xd7hgc1bfdm67y9bc 
       foreign key (user_id) 
       references users (id)
2025-12-08T17:50:18.456+05:30  INFO 57664 --- [users-service] [  restartedMain] j.LocalContainerEntityManagerFactoryBean : Initialized JPA EntityManagerFactory for persistence unit 'default'
WARNING: A terminally deprecated method in sun.misc.Unsafe has been called
WARNING: sun.misc.Unsafe::staticFieldOffset has been called by org.modelmapper.internal.typetools.TypeResolver (file:/Users/rajivyadav/.m2/repository/org/modelmapper/modelmapper/3.2.0/modelmapper-3.2.0.jar)
WARNING: Please consider reporting this to the maintainers of class org.modelmapper.internal.typetools.TypeResolver
WARNING: sun.misc.Unsafe::staticFieldOffset will be removed in a future release
2025-12-08T17:50:19.018+05:30  INFO 57664 --- [users-service] [  restartedMain] r$InitializeUserDetailsManagerConfigurer : Global AuthenticationManager configured with UserDetailsService bean with name customUserDetailsService
2025-12-08T17:50:19.165+05:30  WARN 57664 --- [users-service] [  restartedMain] JpaBaseConfiguration$JpaWebConfiguration : spring.jpa.open-in-view is enabled by default. Therefore, database queries may be performed during view rendering. Explicitly configure spring.jpa.open-in-view to disable this warning
2025-12-08T17:50:19.203+05:30  INFO 57664 --- [users-service] [  restartedMain] o.s.b.d.a.OptionalLiveReloadServer       : LiveReload server is running on port 35729
2025-12-08T17:50:19.451+05:30  WARN 57664 --- [users-service] [  restartedMain] thorizationManagerRequestMatcherRegistry : One of the patterns in [user/signup/**, user/login, user/get/**, api/user/**] is missing a leading slash. This is discouraged; please include the leading slash in all your request matcher patterns. In future versions of Spring Security, leaving out the leading slash will result in an exception.
2025-12-08T17:50:19.729+05:30  INFO 57664 --- [users-service] [  restartedMain] o.s.b.w.embedded.tomcat.TomcatWebServer  : Tomcat started on port 8080 (http) with context path '/'
2025-12-08T17:50:19.742+05:30  INFO 57664 --- [users-service] [ionShutdownHook] o.s.b.w.e.tomcat.GracefulShutdown        : Commencing graceful shutdown. Waiting for active requests to complete
2025-12-08T17:50:19.742+05:30  INFO 57664 --- [users-service] [  restartedMain] c.z.user_service.UserServiceApplication  : Started UserServiceApplication in 2379.617 seconds (process running for 413.319)
2025-12-08T17:50:19.747+05:30  INFO 57664 --- [users-service] [tomcat-shutdown] o.s.b.w.e.tomcat.GracefulShutdown        : Graceful shutdown complete
2025-12-08T17:50:19.752+05:30  INFO 57664 --- [users-service] [ionShutdownHook] j.LocalContainerEntityManagerFactoryBean : Closing JPA EntityManagerFactory for persistence unit 'default'
2025-12-08T17:50:19.755+05:30  INFO 57664 --- [users-service] [ionShutdownHook] com.zaxxer.hikari.HikariDataSource       : HikariPool-1 - Shutdown initiated...
2025-12-08T17:50:19.758+05:30  INFO 57664 --- [users-service] [ionShutdownHook] com.zaxxer.hikari.HikariDataSource       : HikariPool-1 - Shutdown completed.
